Archive member included to satisfy reference by file (symbol)

c:/program files (x86)/arm gnu toolchain arm-none-eabi/12.2 rel1/bin/../lib/gcc/arm-none-eabi/12.2.1/thumb/v7e-m+fp/hard\libm.a(libm_a-w_asin.o)
                              C:\Users\Alex\AppData\Local\Temp\ccsu7JF1.o (asin)
c:/program files (x86)/arm gnu toolchain arm-none-eabi/12.2 rel1/bin/../lib/gcc/arm-none-eabi/12.2.1/thumb/v7e-m+fp/hard\libm.a(libm_a-w_atan2.o)
                              C:\Users\Alex\AppData\Local\Temp\ccsu7JF1.o (atan2)
c:/program files (x86)/arm gnu toolchain arm-none-eabi/12.2 rel1/bin/../lib/gcc/arm-none-eabi/12.2.1/thumb/v7e-m+fp/hard\libm.a(libm_a-w_pow.o)
                              C:\Users\Alex\AppData\Local\Temp\cccJ0COh.o (pow)
c:/program files (x86)/arm gnu toolchain arm-none-eabi/12.2 rel1/bin/../lib/gcc/arm-none-eabi/12.2.1/thumb/v7e-m+fp/hard\libm.a(libm_a-w_sqrt.o)
                              C:\Users\Alex\AppData\Local\Temp\ccLHOHxV.o (sqrt)
c:/program files (x86)/arm gnu toolchain arm-none-eabi/12.2 rel1/bin/../lib/gcc/arm-none-eabi/12.2.1/thumb/v7e-m+fp/hard\libm.a(libm_a-s_cos.o)
                              C:\Users\Alex\AppData\Local\Temp\ccsu7JF1.o (cos)
c:/program files (x86)/arm gnu toolchain arm-none-eabi/12.2 rel1/bin/../lib/gcc/arm-none-eabi/12.2.1/thumb/v7e-m+fp/hard\libm.a(libm_a-s_fabs.o)
                              c:/program files (x86)/arm gnu toolchain arm-none-eabi/12.2 rel1/bin/../lib/gcc/arm-none-eabi/12.2.1/thumb/v7e-m+fp/hard\libm.a(libm_a-w_asin.o) (fabs)
c:/program files (x86)/arm gnu toolchain arm-none-eabi/12.2 rel1/bin/../lib/gcc/arm-none-eabi/12.2.1/thumb/v7e-m+fp/hard\libm.a(libm_a-s_sin.o)
                              C:\Users\Alex\AppData\Local\Temp\ccsu7JF1.o (sin)
c:/program files (x86)/arm gnu toolchain arm-none-eabi/12.2 rel1/bin/../lib/gcc/arm-none-eabi/12.2.1/thumb/v7e-m+fp/hard\libm.a(libm_a-wf_sqrt.o)
                              C:\Users\Alex\AppData\Local\Temp\ccsu7JF1.o (sqrtf)
c:/program files (x86)/arm gnu toolchain arm-none-eabi/12.2 rel1/bin/../lib/gcc/arm-none-eabi/12.2.1/thumb/v7e-m+fp/hard\libm.a(libm_a-s_finite.o)
                              c:/program files (x86)/arm gnu toolchain arm-none-eabi/12.2 rel1/bin/../lib/gcc/arm-none-eabi/12.2.1/thumb/v7e-m+fp/hard\libm.a(libm_a-w_pow.o) (finite)
c:/program files (x86)/arm gnu toolchain arm-none-eabi/12.2 rel1/bin/../lib/gcc/arm-none-eabi/12.2.1/thumb/v7e-m+fp/hard\libm.a(libm_a-s_nan.o)
                              c:/program files (x86)/arm gnu toolchain arm-none-eabi/12.2 rel1/bin/../lib/gcc/arm-none-eabi/12.2.1/thumb/v7e-m+fp/hard\libm.a(libm_a-w_asin.o) (nan)
c:/program files (x86)/arm gnu toolchain arm-none-eabi/12.2 rel1/bin/../lib/gcc/arm-none-eabi/12.2.1/thumb/v7e-m+fp/hard\libm.a(libm_a-powl.o)
                              C:\Users\Alex\AppData\Local\Temp\ccLHOHxV.o (powl)
c:/program files (x86)/arm gnu toolchain arm-none-eabi/12.2 rel1/bin/../lib/gcc/arm-none-eabi/12.2.1/thumb/v7e-m+fp/hard\libm.a(libm_a-e_sqrt.o)
                              c:/program files (x86)/arm gnu toolchain arm-none-eabi/12.2 rel1/bin/../lib/gcc/arm-none-eabi/12.2.1/thumb/v7e-m+fp/hard\libm.a(libm_a-w_sqrt.o) (__ieee754_sqrt)
c:/program files (x86)/arm gnu toolchain arm-none-eabi/12.2 rel1/bin/../lib/gcc/arm-none-eabi/12.2.1/thumb/v7e-m+fp/hard\libm.a(libm_a-ef_sqrt.o)
                              c:/program files (x86)/arm gnu toolchain arm-none-eabi/12.2 rel1/bin/../lib/gcc/arm-none-eabi/12.2.1/thumb/v7e-m+fp/hard\libm.a(libm_a-wf_sqrt.o) (__ieee754_sqrtf)
c:/program files (x86)/arm gnu toolchain arm-none-eabi/12.2 rel1/bin/../lib/gcc/arm-none-eabi/12.2.1/thumb/v7e-m+fp/hard\libm.a(libm_a-s_trunc.o)
                              C:\Users\Alex\AppData\Local\Temp\ccrbNKcL.o (trunc)
c:/program files (x86)/arm gnu toolchain arm-none-eabi/12.2 rel1/bin/../lib/gcc/arm-none-eabi/12.2.1/thumb/v7e-m+fp/hard\libm.a(libm_a-k_cos.o)
                              c:/program files (x86)/arm gnu toolchain arm-none-eabi/12.2 rel1/bin/../lib/gcc/arm-none-eabi/12.2.1/thumb/v7e-m+fp/hard\libm.a(libm_a-s_cos.o) (__kernel_cos)
c:/program files (x86)/arm gnu toolchain arm-none-eabi/12.2 rel1/bin/../lib/gcc/arm-none-eabi/12.2.1/thumb/v7e-m+fp/hard\libm.a(libm_a-k_sin.o)
                              c:/program files (x86)/arm gnu toolchain arm-none-eabi/12.2 rel1/bin/../lib/gcc/arm-none-eabi/12.2.1/thumb/v7e-m+fp/hard\libm.a(libm_a-s_cos.o) (__kernel_sin)
c:/program files (x86)/arm gnu toolchain arm-none-eabi/12.2 rel1/bin/../lib/gcc/arm-none-eabi/12.2.1/thumb/v7e-m+fp/hard\libm.a(libm_a-e_asin.o)
                              c:/program files (x86)/arm gnu toolchain arm-none-eabi/12.2 rel1/bin/../lib/gcc/arm-none-eabi/12.2.1/thumb/v7e-m+fp/hard\libm.a(libm_a-w_asin.o) (__ieee754_asin)
c:/program files (x86)/arm gnu toolchain arm-none-eabi/12.2 rel1/bin/../lib/gcc/arm-none-eabi/12.2.1/thumb/v7e-m+fp/hard\libm.a(libm_a-e_atan2.o)
[...]
Memory Configuration

Name             Origin             Length             Attributes
flash            0x08000000         0x00200000         xr
sram             0x20000000         0x00030000         xrw
*default*        0x00000000         0xffffffff

Linker script and memory map

LOAD C:\Users\Alex\AppData\Local\Temp\ccrbNKcL.o
LOAD C:\Users\Alex\AppData\Local\Temp\cc9Wzsw9.o
LOAD C:\Users\Alex\AppData\Local\Temp\ccpWqpqP.o
LOAD C:\Users\Alex\AppData\Local\Temp\cczKV0TS.o
LOAD C:\Users\Alex\AppData\Local\Temp\ccgpvhsg.o
LOAD C:\Users\Alex\AppData\Local\Temp\ccjr1gc9.o
LOAD C:\Users\Alex\AppData\Local\Temp\ccRqwBQi.o
LOAD C:\Users\Alex\AppData\Local\Temp\ccLHOHxV.o
LOAD C:\Users\Alex\AppData\Local\Temp\ccNUI94Y.o
LOAD C:\Users\Alex\AppData\Local\Temp\cccJ0COh.o
LOAD C:\Users\Alex\AppData\Local\Temp\cctRqkEX.o
LOAD C:\Users\Alex\AppData\Local\Temp\ccsu7JF1.o
LOAD C:\Users\Alex\AppData\Local\Temp\ccUfjjJm.o
LOAD C:\Users\Alex\AppData\Local\Temp\ccCnOyRa.o
LOAD c:/program files (x86)/arm gnu toolchain arm-none-eabi/12.2 rel1/bin/../lib/gcc/arm-none-eabi/12.2.1/thumb/v7e-m+fp/hard\libm.a
LOAD c:/program files (x86)/arm gnu toolchain arm-none-eabi/12.2 rel1/bin/../lib/gcc/arm-none-eabi/12.2.1/thumb/v7e-m+fp/hard\libc_nano.a
LOAD c:/program files (x86)/arm gnu toolchain arm-none-eabi/12.2 rel1/bin/../lib/gcc/arm-none-eabi/12.2.1/thumb/v7e-m+fp/hard\libgcc.a
                0x20030000                _estack = (ORIGIN (sram) + LENGTH (sram))

.vectors        0x08000000      0x1bc
 *(.vectors)
 .vectors       0x08000000      0x1bc C:\Users\Alex\AppData\Local\Temp\cc9Wzsw9.o
                0x08000000                tab

.text           0x080001c0     0xb4d4
 *(.text*)
 .text.spin     0x080001c0       0x24 C:\Users\Alex\AppData\Local\Temp\ccrbNKcL.o
 .text.get_time_us
                0x080001e4       0x14 C:\Users\Alex\AppData\Local\Temp\ccrbNKcL.o
 .text.delay_nanoseconds
                0x080001f8       0x16 C:\Users\Alex\AppData\Local\Temp\ccrbNKcL.o
 .text.delay_microseconds
                0x0800020e       0x2a C:\Users\Alex\AppData\Local\Temp\ccrbNKcL.o
 .text.gpio_set_mode
                0x08000238       0x78 C:\Users\Alex\AppData\Local\Temp\ccrbNKcL.o
 .text.gpio_set_af
                0x080002b0       0x82 C:\Users\Alex\AppData\Local\Temp\ccrbNKcL.o
 .text.gpio_write
                0x08000332       0x4c C:\Users\Alex\AppData\Local\Temp\ccrbNKcL.o
 .text.gpio_read
                0x0800037e       0x40 C:\Users\Alex\AppData\Local\Temp\ccrbNKcL.o
 *fill*         0x080003be        0x2 
 .text.uart_init
                0x080003c0       0xcc C:\Users\Alex\AppData\Local\Temp\ccrbNKcL.o
 .text.spi_init
                0x0800048c      0x14c C:\Users\Alex\AppData\Local\Temp\ccrbNKcL.o
 .text.watchdog_pat
                0x080005d8       0x1c C:\Users\Alex\AppData\Local\Temp\ccrbNKcL.o
 .text.get_bit_arr
                0x080005f4       0x50 C:\Users\Alex\AppData\Local\Temp\ccrbNKcL.o
 .text.get_bit  0x08000644       0x40 C:\Users\Alex\AppData\Local\Temp\ccrbNKcL.o
 .text.zip      0x08000684      0xbdc C:\Users\Alex\AppData\Local\Temp\ccrbNKcL.o
 .text.unzip    0x08001260      0xf30 C:\Users\Alex\AppData\Local\Temp\ccrbNKcL.o
 .text.print_byte
                0x08002190       0x50 C:\Users\Alex\AppData\Local\Temp\ccrbNKcL.o
 .text._memset  0x080021e0       0x3a C:\Users\Alex\AppData\Local\Temp\ccrbNKcL.o
 *fill*         0x0800221a        0x2 
 .text.wait_for_ready_flag
                0x0800221c       0x54 C:\Users\Alex\AppData\Local\Temp\ccrbNKcL.o
 .text.set_pin_modes
                0x08002270       0xb4 C:\Users\Alex\AppData\Local\Temp\ccrbNKcL.o
 .text.set_control_pins
                0x08002324       0xa0 C:\Users\Alex\AppData\Local\Temp\ccrbNKcL.o
 .text.set_data_pins
                0x080023c4      0x108 C:\Users\Alex\AppData\Local\Temp\ccrbNKcL.o
 .text.send_byte_to_flash
                0x080024cc       0x36 C:\Users\Alex\AppData\Local\Temp\ccrbNKcL.o
 *fill*         0x08002502        0x2 
 .text.receive_byte_from_flash
                0x08002504      0x100 C:\Users\Alex\AppData\Local\Temp\ccrbNKcL.o
 .text.send_addr_to_flash
                0x08002604       0xb2 C:\Users\Alex\AppData\Local\Temp\ccrbNKcL.o
 *fill*         0x080026b6        0x2 
 .text.read_flash_ID
                0x080026b8       0x9c C:\Users\Alex\AppData\Local\Temp\ccrbNKcL.o
 .text.read_frame
                0x08002754       0x5a C:\Users\Alex\AppData\Local\Temp\ccrbNKcL.o
 .text.write_frame
                0x080027ae       0x56 C:\Users\Alex\AppData\Local\Temp\ccrbNKcL.o
 .text.max      0x08002804       0x28 C:\Users\Alex\AppData\Local\Temp\ccrbNKcL.o
 .text.diff     0x0800282c       0x2a C:\Users\Alex\AppData\Local\Temp\ccrbNKcL.o
 .text.get_next_available_frame_addr
                0x08002856       0xbe C:\Users\Alex\AppData\Local\Temp\ccrbNKcL.o
 .text.init_flash
                0x08002914      0x11c C:\Users\Alex\AppData\Local\Temp\ccrbNKcL.o
 .text.calculate_CRC
                0x08002a30       0x84 C:\Users\Alex\AppData\Local\Temp\ccrbNKcL.o
 .text.hash     0x08002ab4       0xb0 C:\Users\Alex\AppData\Local\Temp\ccrbNKcL.o
 .text.is_power_of_two
                0x08002b64       0x32 C:\Users\Alex\AppData\Local\Temp\ccrbNKcL.o
 .text.calculate_parity_bits
                0x08002b96      0x1ee C:\Users\Alex\AppData\Local\Temp\ccrbNKcL.o
 .text.encode_parity
                0x08002d84       0x9a C:\Users\Alex\AppData\Local\Temp\ccrbNKcL.o
 *fill*         0x08002e1e        0x2 
 .text.log_frame
                0x08002e20       0x90 C:\Users\Alex\AppData\Local\Temp\ccrbNKcL.o
 .text.SysTick_Handler
                0x08002eb0       0x1c C:\Users\Alex\AppData\Local\Temp\ccrbNKcL.o
                0x08002eb0                SysTick_Handler
 .text.get_frame_array
                0x08002ecc      0x144 C:\Users\Alex\AppData\Local\Temp\ccrbNKcL.o
                0x08002ecc                get_frame_array
 .text.update_sensors
                0x08003010       0x40 C:\Users\Alex\AppData\Local\Temp\ccrbNKcL.o
                0x08003010                update_sensors
 .text.main     0x08003050      0xb20 C:\Users\Alex\AppData\Local\Temp\ccrbNKcL.o
                0x08003050                main
 .text._reset   0x08003b70       0x44 C:\Users\Alex\AppData\Local\Temp\cc9Wzsw9.o
                0x08003b70                _reset
 .text.spin     0x08003bb4       0x24 C:\Users\Alex\AppData\Local\Temp\ccpWqpqP.o
 .text.uart_write_byte
                0x08003bd8       0x32 C:\Users\Alex\AppData\Local\Temp\ccpWqpqP.o
 .text.uart_write_buf
                0x08003c0a       0x32 C:\Users\Alex\AppData\Local\Temp\ccpWqpqP.o
 .text._fstat   0x08003c3c       0x2c C:\Users\Alex\AppData\Local\Temp\ccpWqpqP.o
                0x08003c3c                _fstat
 .text._sbrk    0x08003c68       0x40 C:\Users\Alex\AppData\Local\Temp\ccpWqpqP.o
                0x08003c68                _sbrk
 .text._close   0x08003ca8       0x18 C:\Users\Alex\AppData\Local\Temp\ccpWqpqP.o
                0x08003ca8                _close
 .text._isatty  0x08003cc0       0x16 C:\Users\Alex\AppData\Local\Temp\ccpWqpqP.o
                0x08003cc0                _isatty
 .text._lseek   0x08003cd6       0x1a C:\Users\Alex\AppData\Local\Temp\ccpWqpqP.o
                0x08003cd6                _lseek
 .text._read    0x08003cf0       0x1c C:\Users\Alex\AppData\Local\Temp\ccpWqpqP.o
                0x08003cf0                _read
 .text._write   0x08003d0c       0x30 C:\Users\Alex\AppData\Local\Temp\ccpWqpqP.o
                0x08003d0c                _write
 .text.get_time_us
                0x08003d3c       0x14 C:\Users\Alex\AppData\Local\Temp\cczKV0TS.o
 .text.delay    0x08003d50       0x36 C:\Users\Alex\AppData\Local\Temp\cczKV0TS.o
 *fill*         0x08003d86        0x2 
 .text.systick_init
                0x08003d88       0x58 C:\Users\Alex\AppData\Local\Temp\cczKV0TS.o
 .text.gpio_set_mode
                0x08003de0       0x78 C:\Users\Alex\AppData\Local\Temp\cczKV0TS.o
 .text.gpio_set_af
                0x08003e58       0x82 C:\Users\Alex\AppData\Local\Temp\cczKV0TS.o
 .text.gpio_write
                0x08003eda       0x4c C:\Users\Alex\AppData\Local\Temp\cczKV0TS.o
 *fill*         0x08003f26        0x2 
 .text.uart_init
                0x08003f28       0xcc C:\Users\Alex\AppData\Local\Temp\cczKV0TS.o
 .text.spi_init
                0x08003ff4      0x14c C:\Users\Alex\AppData\Local\Temp\cczKV0TS.o
 .text.pwr_vdd2_init
                0x08004140       0x30 C:\Users\Alex\AppData\Local\Temp\cczKV0TS.o
 .text.STM32_init
                0x08004170       0x40 C:\Users\Alex\AppData\Local\Temp\cczKV0TS.o
                0x08004170                STM32_init
 .text.STM32_init_clock
                0x080041b0       0xc4 C:\Users\Alex\AppData\Local\Temp\cczKV0TS.o
                0x080041b0                STM32_init_clock
 .text.init_delay_timer
                0x08004274       0x70 C:\Users\Alex\AppData\Local\Temp\cczKV0TS.o
                0x08004274                init_delay_timer
 .text.STM32_init_internals
                0x080042e4       0x44 C:\Users\Alex\AppData\Local\Temp\cczKV0TS.o
                0x080042e4                STM32_init_internals
 .text.STM32_init_peripherals
                0x08004328       0xb8 C:\Users\Alex\AppData\Local\Temp\cczKV0TS.o
                0x08004328                STM32_init_peripherals
 .text.STM32_led_on
                0x080043e0       0x12 C:\Users\Alex\AppData\Local\Temp\cczKV0TS.o
                0x080043e0                STM32_led_on
 .text.STM32_led_off
                0x080043f2       0x12 C:\Users\Alex\AppData\Local\Temp\cczKV0TS.o
                0x080043f2                STM32_led_off
 .text.STM32_beep_buzzer
                0x08004404       0x54 C:\Users\Alex\AppData\Local\Temp\cczKV0TS.o
                0x08004404                STM32_beep_buzzer
 .text.STM32_indicate_on_buzzer
                0x08004458       0x12 C:\Users\Alex\AppData\Local\Temp\cczKV0TS.o
                0x08004458                STM32_indicate_on_buzzer
 .text.get_time_us
                0x0800446a       0x14 C:\Users\Alex\AppData\Local\Temp\ccgpvhsg.o
 .text.delay_microseconds
                0x0800447e       0x2a C:\Users\Alex\AppData\Local\Temp\ccgpvhsg.o
 .text.gpio_write
                0x080044a8       0x4c C:\Users\Alex\AppData\Local\Temp\ccgpvhsg.o
 .text.unset_cs
                0x080044f4       0x36 C:\Users\Alex\AppData\Local\Temp\ccgpvhsg.o
 .text.set_cs   0x0800452a       0x20 C:\Users\Alex\AppData\Local\Temp\ccgpvhsg.o
 .text.spi_ready_read
                0x0800454a       0x32 C:\Users\Alex\AppData\Local\Temp\ccgpvhsg.o
 .text.spi_ready_write
                0x0800457c       0x24 C:\Users\Alex\AppData\Local\Temp\ccgpvhsg.o
 .text.spi_enable_cs
                0x080045a0       0x1a C:\Users\Alex\AppData\Local\Temp\ccgpvhsg.o
 .text.spi_disable_cs
                0x080045ba       0x16 C:\Users\Alex\AppData\Local\Temp\ccgpvhsg.o
 .text.spi_transmit
                0x080045d0       0x36 C:\Users\Alex\AppData\Local\Temp\ccgpvhsg.o
 .text.spi_transmit_receive
                0x08004606       0xb8 C:\Users\Alex\AppData\Local\Temp\ccgpvhsg.o
 *fill*         0x080046be        0x2 
 .text.MS5611_init
                0x080046c0      0x118 C:\Users\Alex\AppData\Local\Temp\ccgpvhsg.o
                0x080046c0                MS5611_init
 .text.MS5611_read_PROM
                0x080047d8       0x74 C:\Users\Alex\AppData\Local\Temp\ccgpvhsg.o
                0x080047d8                MS5611_read_PROM
 .text.MS5611_get_data
                0x0800484c      0x23c C:\Users\Alex\AppData\Local\Temp\ccgpvhsg.o
                0x0800484c                MS5611_get_data
 .text.get_time_us
                0x08004a88       0x14 C:\Users\Alex\AppData\Local\Temp\ccRqwBQi.o
 .text.delay_microseconds
                0x08004a9c       0x2a C:\Users\Alex\AppData\Local\Temp\ccRqwBQi.o
 .text.gpio_write
                0x08004ac6       0x4c C:\Users\Alex\AppData\Local\Temp\ccRqwBQi.o
 .text.unset_cs
                0x08004b12       0x36 C:\Users\Alex\AppData\Local\Temp\ccRqwBQi.o
 .text.set_cs   0x08004b48       0x20 C:\Users\Alex\AppData\Local\Temp\ccRqwBQi.o
 .text.spi_ready_read
                0x08004b68       0x32 C:\Users\Alex\AppData\Local\Temp\ccRqwBQi.o
 .text.spi_ready_write
                0x08004b9a       0x24 C:\Users\Alex\AppData\Local\Temp\ccRqwBQi.o
 .text.spi_enable_cs
                0x08004bbe       0x1a C:\Users\Alex\AppData\Local\Temp\ccRqwBQi.o
 .text.spi_disable_cs
                0x08004bd8       0x16 C:\Users\Alex\AppData\Local\Temp\ccRqwBQi.o
 .text.spi_transmit
                0x08004bee       0x36 C:\Users\Alex\AppData\Local\Temp\ccRqwBQi.o
 .text.spi_transmit_receive
                0x08004c24       0xb8 C:\Users\Alex\AppData\Local\Temp\ccRqwBQi.o
 .text.ADXL375_init
                0x08004cdc       0xa4 C:\Users\Alex\AppData\Local\Temp\ccRqwBQi.o
                0x08004cdc                ADXL375_init
 .text.ADXL375_get_data
                0x08004d80       0xd8 C:\Users\Alex\AppData\Local\Temp\ccRqwBQi.o
                0x08004d80                ADXL375_get_data
 .text.ADXL375_reg_write
                0x08004e58       0x4c C:\Users\Alex\AppData\Local\Temp\ccRqwBQi.o
                0x08004e58                ADXL375_reg_write
 .text.ADXL375_reg_read
                0x08004ea4       0x74 C:\Users\Alex\AppData\Local\Temp\ccRqwBQi.o
                0x08004ea4                ADXL375_reg_read
 .text.get_time_us
                0x08004f18       0x14 C:\Users\Alex\AppData\Local\Temp\ccLHOHxV.o
 .text.delay_microseconds
                0x08004f2c       0x2a C:\Users\Alex\AppData\Local\Temp\ccLHOHxV.o
 *fill*         0x08004f56        0x2 
 .text.delay_milliseconds
                0x08004f58       0x30 C:\Users\Alex\AppData\Local\Temp\ccLHOHxV.o
 .text.gpio_write
                0x08004f88       0x4c C:\Users\Alex\AppData\Local\Temp\ccLHOHxV.o
 .text.unset_cs
                0x08004fd4       0x36 C:\Users\Alex\AppData\Local\Temp\ccLHOHxV.o
 .text.set_cs   0x0800500a       0x20 C:\Users\Alex\AppData\Local\Temp\ccLHOHxV.o
 .text.spi_ready_read
                0x0800502a       0x32 C:\Users\Alex\AppData\Local\Temp\ccLHOHxV.o
 .text.spi_ready_write
                0x0800505c       0x24 C:\Users\Alex\AppData\Local\Temp\ccLHOHxV.o
 .text.spi_enable_cs
                0x08005080       0x1a C:\Users\Alex\AppData\Local\Temp\ccLHOHxV.o
 .text.spi_disable_cs
                0x0800509a       0x16 C:\Users\Alex\AppData\Local\Temp\ccLHOHxV.o
 .text.spi_transmit
                0x080050b0       0x36 C:\Users\Alex\AppData\Local\Temp\ccLHOHxV.o
 .text.spi_transmit_receive
                0x080050e6       0xb8 C:\Users\Alex\AppData\Local\Temp\ccLHOHxV.o
 *fill*         0x0800519e        0x2 
 .text.Lsm6ds3Init
                0x080051a0       0xa4 C:\Users\Alex\AppData\Local\Temp\ccLHOHxV.o
                0x080051a0                Lsm6ds3Init
 .text.Lsm6ds3WriteRegister
                0x08005244       0x74 C:\Users\Alex\AppData\Local\Temp\ccLHOHxV.o
 .text.Lsm6ds3WriteRegisterBits
                0x080052b8       0x94 C:\Users\Alex\AppData\Local\Temp\ccLHOHxV.o
 .text.Lsm6ds3Config
                0x0800534c       0x7e C:\Users\Alex\AppData\Local\Temp\ccLHOHxV.o
                0x0800534c                Lsm6ds3Config
 *fill*         0x080053ca        0x2 
 .text.Lsm6ds3AccRead
                0x080053cc       0xf4 C:\Users\Alex\AppData\Local\Temp\ccLHOHxV.o
                0x080053cc                Lsm6ds3AccRead
 .text.Lsm6ds3GyroRead
                0x080054c0       0xda C:\Users\Alex\AppData\Local\Temp\ccLHOHxV.o
                0x080054c0                Lsm6ds3GyroRead
 *fill*         0x0800559a        0x2 
 .text.Lsm6ds3GyroOffsets
                0x0800559c      0x224 C:\Users\Alex\AppData\Local\Temp\ccLHOHxV.o
                0x0800559c                Lsm6ds3GyroOffsets
 .text.Lsmds3GyroStandardDev
                0x080057c0      0x27c C:\Users\Alex\AppData\Local\Temp\ccLHOHxV.o
                0x080057c0                Lsmds3GyroStandardDev
 .text.get_time_us
                0x08005a3c       0x14 C:\Users\Alex\AppData\Local\Temp\ccNUI94Y.o
 .text.delay_milliseconds
                0x08005a50       0x30 C:\Users\Alex\AppData\Local\Temp\ccNUI94Y.o
 .text.delay    0x08005a80       0x36 C:\Users\Alex\AppData\Local\Temp\ccNUI94Y.o
 .text.gpio_write
                0x08005ab6       0x4c C:\Users\Alex\AppData\Local\Temp\ccNUI94Y.o
 *fill*         0x08005b02        0x2 
 .text.jump_to_bootloader
                0x08005b04       0x68 C:\Users\Alex\AppData\Local\Temp\ccNUI94Y.o
 .text.uart_read_ready
                0x08005b6c       0x1c C:\Users\Alex\AppData\Local\Temp\ccNUI94Y.o
 .text.uart_read_byte
                0x08005b88       0x1c C:\Users\Alex\AppData\Local\Temp\ccNUI94Y.o
 .text.DFU_programming_check
                0x08005ba4       0x68 C:\Users\Alex\AppData\Local\Temp\ccNUI94Y.o
                0x08005ba4                DFU_programming_check
 .text.init_buffer
                0x08005c0c       0x3e C:\Users\Alex\AppData\Local\Temp\cccJ0COh.o
                0x08005c0c                init_buffer
 .text.cmpfunc  0x08005c4a       0x20 C:\Users\Alex\AppData\Local\Temp\cccJ0COh.o
                0x08005c4a                cmpfunc
 *fill*         0x08005c6a        0x2 
 .text.get_median
                0x08005c6c       0x4c C:\Users\Alex\AppData\Local\Temp\cccJ0COh.o
                0x08005c6c                get_median
 .text.set_ground_reference
                0x08005cb8       0x58 C:\Users\Alex\AppData\Local\Temp\cccJ0COh.o
                0x08005cb8                set_ground_reference
 .text.update_buffer
                0x08005d10      0x108 C:\Users\Alex\AppData\Local\Temp\cccJ0COh.o
                0x08005d10                update_buffer
 .text.get_vertical_velocity
                0x08005e18      0x110 C:\Users\Alex\AppData\Local\Temp\cccJ0COh.o
                0x08005e18                get_vertical_velocity
 .text.is_stationary
                0x08005f28       0x4a C:\Users\Alex\AppData\Local\Temp\cccJ0COh.o
                0x08005f28                is_stationary
 .text.orientation_quaternion_to_euler
                0x08005f72      0x1c6 C:\Users\Alex\AppData\Local\Temp\ccsu7JF1.o
                0x08005f72                orientation_quaternion_to_euler
 .text.orientation_init
                0x08006138      0x284 C:\Users\Alex\AppData\Local\Temp\ccsu7JF1.o
                0x08006138                orientation_init
 .text.orientation_update
                0x080063bc      0x3bc C:\Users\Alex\AppData\Local\Temp\ccsu7JF1.o
                0x080063bc                orientation_update
 .text.OrientationAccelerationVector
                0x08006778      0x16c C:\Users\Alex\AppData\Local\Temp\ccsu7JF1.o
                0x08006778                OrientationAccelerationVector
 .text._ravel_index_3d
                0x080068e4       0x34 C:\Users\Alex\AppData\Local\Temp\ccUfjjJm.o
                0x080068e4                _ravel_index_3d
 .text.LQR_init
                0x08006918      0x290 C:\Users\Alex\AppData\Local\Temp\ccUfjjJm.o
                0x08006918                LQR_init
 .text.asin     0x08006ba8       0x68 c:/program files (x86)/arm gnu toolchain arm-none-eabi/12.2 rel1/bin/../lib/gcc/arm-none-eabi/12.2.1/thumb/v7e-m+fp/hard\libm.a(libm_a-w_asin.o)
                0x08006ba8                asin
 .text.atan2    0x08006c10        0x4 c:/program files (x86)/arm gnu toolchain arm-none-eabi/12.2 rel1/bin/../lib/gcc/arm-none-eabi/12.2.1/thumb/v7e-m+fp/hard\libm.a(libm_a-w_atan2.o)
                0x08006c10                atan2
 *fill*         0x08006c14        0x4 
 .text.pow      0x08006c18       0xf0 c:/program files (x86)/arm gnu toolchain arm-none-eabi/12.2 rel1/bin/../lib/gcc/arm-none-eabi/12.2.1/thumb/v7e-m+fp/hard\libm.a(libm_a-w_pow.o)
                0x08006c18                pow
 .text.sqrt     0x08006d08       0x68 c:/program files (x86)/arm gnu toolchain arm-none-eabi/12.2 rel1/bin/../lib/gcc/arm-none-eabi/12.2.1/thumb/v7e-m+fp/hard\libm.a(libm_a-w_sqrt.o)
                0x08006d08                sqrt
 .text.cos      0x08006d70       0x88 c:/program files (x86)/arm gnu toolchain arm-none-eabi/12.2 rel1/bin/../lib/gcc/arm-none-eabi/12.2.1/thumb/v7e-m+fp/hard\libm.a(libm_a-s_cos.o)
                0x08006d70                cos
 .text.fabs     0x08006df8       0x10 c:/program files (x86)/arm gnu toolchain arm-none-eabi/12.2 rel1/bin/../lib/gcc/arm-none-eabi/12.2.1/thumb/v7e-m+fp/hard\libm.a(libm_a-s_fabs.o)
                0x08006df8                fabs
 .text.sin      0x08006e08       0x90 c:/program files (x86)/arm gnu toolchain arm-none-eabi/12.2 rel1/bin/../lib/gcc/arm-none-eabi/12.2.1/thumb/v7e-m+fp/hard\libm.a(libm_a-s_sin.o)
                0x08006e08                sin
 .text.sqrtf    0x08006e98       0x44 c:/program files (x86)/arm gnu toolchain arm-none-eabi/12.2 rel1/bin/../lib/gcc/arm-none-eabi/12.2.1/thumb/v7e-m+fp/hard\libm.a(libm_a-wf_sqrt.o)
                0x08006e98                sqrtf
 .text.finite   0x08006edc       0x18 c:/program files (x86)/arm gnu toolchain arm-none-eabi/12.2 rel1/bin/../lib/gcc/arm-none-eabi/12.2.1/thumb/v7e-m+fp/hard\libm.a(libm_a-s_finite.o)
                0x08006edc                finite
 *fill*         0x08006ef4        0x4 
 .text.nan      0x08006ef8       0x10 c:/program files (x86)/arm gnu toolchain arm-none-eabi/12.2 rel1/bin/../lib/gcc/arm-none-eabi/12.2.1/thumb/v7e-m+fp/hard\libm.a(libm_a-s_nan.o)
                0x08006ef8                nan
 .text.powl     0x08006f08        0x4 c:/program files (x86)/arm gnu toolchain arm-none-eabi/12.2 rel1/bin/../lib/gcc/arm-none-eabi/12.2.1/thumb/v7e-m+fp/hard\libm.a(libm_a-powl.o)
                0x08006f08                powl
 .text.__ieee754_sqrt
                0x08006f0c      0x1f4 c:/program files (x86)/arm gnu toolchain arm-none-eabi/12.2 rel1/bin/../lib/gcc/arm-none-eabi/12.2.1/thumb/v7e-m+fp/hard\libm.a(libm_a-e_sqrt.o)
                0x08006f0c                __ieee754_sqrt
 .text.__ieee754_sqrtf
                0x08007100        0x8 c:/program files (x86)/arm gnu toolchain arm-none-eabi/12.2 rel1/bin/../lib/gcc/arm-none-eabi/12.2.1/thumb/v7e-m+fp/hard\libm.a(libm_a-ef_sqrt.o)
                0x08007100                __ieee754_sqrtf
 .text.__kernel_cos
                0x08007108      0x264 c:/program files (x86)/arm gnu toolchain arm-none-eabi/12.2 rel1/bin/../lib/gcc/arm-none-eabi/12.2.1/thumb/v7e-m+fp/hard\libm.a(libm_a-k_cos.o)
                0x08007108                __kernel_cos
 *fill*         0x0800736c        0x4 
 .text.__kernel_sin
                0x08007370      0x17c c:/program files (x86)/arm gnu toolchain arm-none-eabi/12.2 rel1/bin/../lib/gcc/arm-none-eabi/12.2.1/thumb/v7e-m+fp/hard\libm.a(libm_a-k_sin.o)
                0x08007370                __kernel_sin
 *fill*         0x080074ec        0x4 
 .text.__ieee754_asin
                0x080074f0      0x484 c:/program files (x86)/arm gnu toolchain arm-none-eabi/12.2 rel1/bin/../lib/gcc/arm-none-eabi/12.2.1/thumb/v7e-m+fp/hard\libm.a(libm_a-e_asin.o)
                0x080074f0                __ieee754_asin
 *fill*         0x08007974        0x4 
 .text.__ieee754_atan2
                0x08007978      0x1ac c:/program files (x86)/arm gnu toolchain arm-none-eabi/12.2 rel1/bin/../lib/gcc/arm-none-eabi/12.2.1/thumb/v7e-m+fp/hard\libm.a(libm_a-e_atan2.o)
                0x08007978                __ieee754_atan2
 *fill*         0x08007b24        0x4 
 .text.__ieee754_pow
                0x08007b28      0xbdc c:/program files (x86)/arm gnu toolchain arm-none-eabi/12.2 rel1/bin/../lib/gcc/arm-none-eabi/12.2.1/thumb/v7e-m+fp/hard\libm.a(libm_a-e_pow.o)
                0x08007b28                __ieee754_pow
 *fill*         0x08008704        0x4 
 .text.__ieee754_rem_pio2
                0x08008708      0x444 c:/program files (x86)/arm gnu toolchain arm-none-eabi/12.2 rel1/bin/../lib/gcc/arm-none-eabi/12.2.1/thumb/v7e-m+fp/hard\libm.a(libm_a-e_rem_pio2.o)
                0x08008708                __ieee754_rem_pio2
 *fill*         0x08008b4c        0x4 
 .text.atan     0x08008b50      0x338 c:/program files (x86)/arm gnu toolchain arm-none-eabi/12.2 rel1/bin/../lib/gcc/arm-none-eabi/12.2.1/thumb/v7e-m+fp/hard\libm.a(libm_a-s_atan.o)
                0x08008b50                atan
 .text.scalbn   0x08008e88      0x114 c:/program files (x86)/arm gnu toolchain arm-none-eabi/12.2 rel1/bin/../lib/gcc/arm-none-eabi/12.2.1/thumb/v7e-m+fp/hard\libm.a(libm_a-s_scalbn.o)
                0x08008e88                scalbn
 .text.with_errno
                0x08008f9c       0x24 c:/program files (x86)/arm gnu toolchain arm-none-eabi/12.2 rel1/bin/../lib/gcc/arm-none-eabi/12.2.1/thumb/v7e-m+fp/hard\libm.a(libm_a-math_err.o)
 .text.xflow    0x08008fc0       0x34 c:/program files (x86)/arm gnu toolchain arm-none-eabi/12.2 rel1/bin/../lib/gcc/arm-none-eabi/12.2.1/thumb/v7e-m+fp/hard\libm.a(libm_a-math_err.o)
 *fill*         0x08008ff4        0x4 
 .text.__math_uflow
                0x08008ff8       0x10 c:/program files (x86)/arm gnu toolchain arm-none-eabi/12.2 rel1/bin/../lib/gcc/arm-none-eabi/12.2.1/thumb/v7e-m+fp/hard\libm.a(libm_a-math_err.o)
                0x08008ff8                __math_uflow
 .text.__math_oflow
                0x08009008       0x10 c:/program files (x86)/arm gnu toolchain arm-none-eabi/12.2 rel1/bin/../lib/gcc/arm-none-eabi/12.2.1/thumb/v7e-m+fp/hard\libm.a(libm_a-math_err.o)
                0x08009008                __math_oflow
 .text.__kernel_rem_pio2
                0x08009018      0x860 c:/program files (x86)/arm gnu toolchain arm-none-eabi/12.2 rel1/bin/../lib/gcc/arm-none-eabi/12.2.1/thumb/v7e-m+fp/hard\libm.a(libm_a-k_rem_pio2.o)
                0x08009018                __kernel_rem_pio2
 .text.floor    0x08009878      0x108 c:/program files (x86)/arm gnu toolchain arm-none-eabi/12.2 rel1/bin/../lib/gcc/arm-none-eabi/12.2.1/thumb/v7e-m+fp/hard\libm.a(libm_a-s_floor.o)
                0x08009878                floor
 .text.swapfunc
                0x08009980       0x32 c:/program files (x86)/arm gnu toolchain arm-none-eabi/12.2 rel1/bin/../lib/gcc/arm-none-eabi/12.2.1/thumb/v7e-m+fp/hard\libc_nano.a(libc_a-qsort.o)
 .text.med3.constprop.0
                0x080099b2       0x40 c:/program files (x86)/arm gnu toolchain arm-none-eabi/12.2 rel1/bin/../lib/gcc/arm-none-eabi/12.2.1/thumb/v7e-m+fp/hard\libc_nano.a(libc_a-qsort.o)
 .text.qsort    0x080099f2      0x28e c:/program files (x86)/arm gnu toolchain arm-none-eabi/12.2 rel1/bin/../lib/gcc/arm-none-eabi/12.2.1/thumb/v7e-m+fp/hard\libc_nano.a(libc_a-qsort.o)
                0x080099f2                qsort
 .text.printf   0x08009c80       0x24 c:/program files (x86)/arm gnu toolchain arm-none-eabi/12.2 rel1/bin/../lib/gcc/arm-none-eabi/12.2.1/thumb/v7e-m+fp/hard\libc_nano.a(libc_a-printf.o)
                0x08009c80                iprintf
                0x08009c80                printf
 .text._puts_r  0x08009ca4       0xaa c:/program files (x86)/arm gnu toolchain arm-none-eabi/12.2 rel1/bin/../lib/gcc/arm-none-eabi/12.2.1/thumb/v7e-m+fp/hard\libc_nano.a(libc_a-puts.o)
                0x08009ca4                _puts_r
 *fill*         0x08009d4e        0x2 
 .text.puts     0x08009d50       0x10 c:/program files (x86)/arm gnu toolchain arm-none-eabi/12.2 rel1/bin/../lib/gcc/arm-none-eabi/12.2.1/thumb/v7e-m+fp/hard\libc_nano.a(libc_a-puts.o)
                0x08009d50                puts
 .text.__swbuf_r
                0x08009d60       0x7c c:/program files (x86)/arm gnu toolchain arm-none-eabi/12.2 rel1/bin/../lib/gcc/arm-none-eabi/12.2.1/thumb/v7e-m+fp/hard\libc_nano.a(libc_a-wbuf.o)
                0x08009d60                __swbuf_r
 .text.__swsetup_r
                0x08009ddc       0xac c:/program files (x86)/arm gnu toolchain arm-none-eabi/12.2 rel1/bin/../lib/gcc/arm-none-eabi/12.2.1/thumb/v7e-m+fp/hard\libc_nano.a(libc_a-wsetup.o)
                0x08009ddc                __swsetup_r
 .text.__errno  0x08009e88        0xc c:/program files (x86)/arm gnu toolchain arm-none-eabi/12.2 rel1/bin/../lib/gcc/arm-none-eabi/12.2.1/thumb/v7e-m+fp/hard\libc_nano.a(libc_a-errno.o)
                0x08009e88                __errno
 .text.__retarget_lock_init_recursive
                0x08009e94        0x2 c:/program files (x86)/arm gnu toolchain arm-none-eabi/12.2 rel1/bin/../lib/gcc/arm-none-eabi/12.2.1/thumb/v7e-m+fp/hard\libc_nano.a(libc_a-lock.o)
                0x08009e94                __retarget_lock_init_recursive
 .text.__retarget_lock_acquire_recursive
                0x08009e96        0x2 c:/program files (x86)/arm gnu toolchain arm-none-eabi/12.2 rel1/bin/../lib/gcc/arm-none-eabi/12.2.1/thumb/v7e-m+fp/hard\libc_nano.a(libc_a-lock.o)
                0x08009e96                __retarget_lock_acquire_recursive
 .text.__retarget_lock_release_recursive
                0x08009e98        0x2 c:/program files (x86)/arm gnu toolchain arm-none-eabi/12.2 rel1/bin/../lib/gcc/arm-none-eabi/12.2.1/thumb/v7e-m+fp/hard\libc_nano.a(libc_a-lock.o)
                0x08009e98                __retarget_lock_release_recursive
 .text.memcpy   0x08009e9a       0x1c c:/program files (x86)/arm gnu toolchain arm-none-eabi/12.2 rel1/bin/../lib/gcc/arm-none-eabi/12.2.1/thumb/v7e-m+fp/hard\libc_nano.a(libc_a-memcpy-stub.o)
                0x08009e9a                memcpy
 *fill*         0x08009eb6        0x2 
 .text._free_r  0x08009eb8       0x94 c:/program files (x86)/arm gnu toolchain arm-none-eabi/12.2 rel1/bin/../lib/gcc/arm-none-eabi/12.2.1/thumb/v7e-m+fp/hard\libc_nano.a(libc_a-freer.o)
                0x08009eb8                _free_r
 .text.sbrk_aligned
                0x08009f4c       0x44 c:/program files (x86)/arm gnu toolchain arm-none-eabi/12.2 rel1/bin/../lib/gcc/arm-none-eabi/12.2.1/thumb/v7e-m+fp/hard\libc_nano.a(libc_a-mallocr.o)
 .text._malloc_r
                0x08009f90       0xf0 c:/program files (x86)/arm gnu toolchain arm-none-eabi/12.2 rel1/bin/../lib/gcc/arm-none-eabi/12.2.1/thumb/v7e-m+fp/hard\libc_nano.a(libc_a-mallocr.o)
                0x08009f90                _malloc_r
 .text.__malloc_lock
                0x0800a080        0xc c:/program files (x86)/arm gnu toolchain arm-none-eabi/12.2 rel1/bin/../lib/gcc/arm-none-eabi/12.2.1/thumb/v7e-m+fp/hard\libc_nano.a(libc_a-mlock.o)
                0x0800a080                __malloc_lock
 .text.__malloc_unlock
                0x0800a08c        0xc c:/program files (x86)/arm gnu toolchain arm-none-eabi/12.2 rel1/bin/../lib/gcc/arm-none-eabi/12.2.1/thumb/v7e-m+fp/hard\libc_nano.a(libc_a-mlock.o)
                0x0800a08c                __malloc_unlock
 .text.__sfputc_r
                0x0800a098       0x2e c:/program files (x86)/arm gnu toolchain arm-none-eabi/12.2 rel1/bin/../lib/gcc/arm-none-eabi/12.2.1/thumb/v7e-m+fp/hard\libc_nano.a(libc_a-nano-vfprintf.o)
 .text.__sfputs_r
                0x0800a0c6       0x24 c:/program files (x86)/arm gnu toolchain arm-none-eabi/12.2 rel1/bin/../lib/gcc/arm-none-eabi/12.2.1/thumb/v7e-m+fp/hard\libc_nano.a(libc_a-nano-vfprintf.o)
                0x0800a0c6                __sfputs_r
 *fill*         0x0800a0ea        0x2 
 .text._vfprintf_r
                0x0800a0ec      0x230 c:/program files (x86)/arm gnu toolchain arm-none-eabi/12.2 rel1/bin/../lib/gcc/arm-none-eabi/12.2.1/thumb/v7e-m+fp/hard\libc_nano.a(libc_a-nano-vfprintf.o)
                0x0800a0ec                _vfprintf_r
                0x0800a0ec                _vfiprintf_r
 .text._printf_common
                0x0800a31c       0xda c:/program files (x86)/arm gnu toolchain arm-none-eabi/12.2 rel1/bin/../lib/gcc/arm-none-eabi/12.2.1/thumb/v7e-m+fp/hard\libc_nano.a(libc_a-nano-vfprintf_i.o)
                0x0800a31c                _printf_common
 *fill*         0x0800a3f6        0x2 
 .text._printf_i
                0x0800a3f8      0x258 c:/program files (x86)/arm gnu toolchain arm-none-eabi/12.2 rel1/bin/../lib/gcc/arm-none-eabi/12.2.1/thumb/v7e-m+fp/hard\libc_nano.a(libc_a-nano-vfprintf_i.o)
                0x0800a3f8                _printf_i
 .text.__sflush_r
                0x0800a650      0x108 c:/program files (x86)/arm gnu toolchain arm-none-eabi/12.2 rel1/bin/../lib/gcc/arm-none-eabi/12.2.1/thumb/v7e-m+fp/hard\libc_nano.a(libc_a-fflush.o)
                0x0800a650                __sflush_r
 .text._fflush_r
                0x0800a758       0x50 c:/program files (x86)/arm gnu toolchain arm-none-eabi/12.2 rel1/bin/../lib/gcc/arm-none-eabi/12.2.1/thumb/v7e-m+fp/hard\libc_nano.a(libc_a-fflush.o)
                0x0800a758                _fflush_r
 .text.std      0x0800a7a8       0x6c c:/program files (x86)/arm gnu toolchain arm-none-eabi/12.2 rel1/bin/../lib/gcc/arm-none-eabi/12.2.1/thumb/v7e-m+fp/hard\libc_nano.a(libc_a-findfp.o)
 .text.stdio_exit_handler
                0x0800a814       0x18 c:/program files (x86)/arm gnu toolchain arm-none-eabi/12.2 rel1/bin/../lib/gcc/arm-none-eabi/12.2.1/thumb/v7e-m+fp/hard\libc_nano.a(libc_a-findfp.o)
 .text.cleanup_stdio
                0x0800a82c       0x40 c:/program files (x86)/arm gnu toolchain arm-none-eabi/12.2 rel1/bin/../lib/gcc/arm-none-eabi/12.2.1/thumb/v7e-m+fp/hard\libc_nano.a(libc_a-findfp.o)
 .text.global_stdio_init.part.0
                0x0800a86c       0x3c c:/program files (x86)/arm gnu toolchain arm-none-eabi/12.2 rel1/bin/../lib/gcc/arm-none-eabi/12.2.1/thumb/v7e-m+fp/hard\libc_nano.a(libc_a-findfp.o)
 .text.__sfp_lock_acquire
                0x0800a8a8        0xc c:/program files (x86)/arm gnu toolchain arm-none-eabi/12.2 rel1/bin/../lib/gcc/arm-none-eabi/12.2.1/thumb/v7e-m+fp/hard\libc_nano.a(libc_a-findfp.o)
                0x0800a8a8                __sfp_lock_acquire
 .text.__sfp_lock_release
                0x0800a8b4        0xc c:/program files (x86)/arm gnu toolchain arm-none-eabi/12.2 rel1/bin/../lib/gcc/arm-none-eabi/12.2.1/thumb/v7e-m+fp/hard\libc_nano.a(libc_a-findfp.o)
                0x0800a8b4                __sfp_lock_release
 .text.__sinit  0x0800a8c0       0x30 c:/program files (x86)/arm gnu toolchain arm-none-eabi/12.2 rel1/bin/../lib/gcc/arm-none-eabi/12.2.1/thumb/v7e-m+fp/hard\libc_nano.a(libc_a-findfp.o)
                0x0800a8c0                __sinit
 .text._fwalk_sglue
                0x0800a8f0       0x3c c:/program files (x86)/arm gnu toolchain arm-none-eabi/12.2 rel1/bin/../lib/gcc/arm-none-eabi/12.2.1/thumb/v7e-m+fp/hard\libc_nano.a(libc_a-fwalk.o)
                0x0800a8f0                _fwalk_sglue
 .text.__swhatbuf_r
                0x0800a92c       0x4c c:/program files (x86)/arm gnu toolchain arm-none-eabi/12.2 rel1/bin/../lib/gcc/arm-none-eabi/12.2.1/thumb/v7e-m+fp/hard\libc_nano.a(libc_a-makebuf.o)
                0x0800a92c                __swhatbuf_r
 .text.__smakebuf_r
                0x0800a978       0x78 c:/program files (x86)/arm gnu toolchain arm-none-eabi/12.2 rel1/bin/../lib/gcc/arm-none-eabi/12.2.1/thumb/v7e-m+fp/hard\libc_nano.a(libc_a-makebuf.o)
                0x0800a978                __smakebuf_r
 .text.__sread  0x0800a9f0       0x22 c:/program files (x86)/arm gnu toolchain arm-none-eabi/12.2 rel1/bin/../lib/gcc/arm-none-eabi/12.2.1/thumb/v7e-m+fp/hard\libc_nano.a(libc_a-stdio.o)
                0x0800a9f0                __sread
 .text.__swrite
                0x0800aa12       0x38 c:/program files (x86)/arm gnu toolchain arm-none-eabi/12.2 rel1/bin/../lib/gcc/arm-none-eabi/12.2.1/thumb/v7e-m+fp/hard\libc_nano.a(libc_a-stdio.o)
                0x0800aa12                __swrite
 .text.__sseek  0x0800aa4a       0x24 c:/program files (x86)/arm gnu toolchain arm-none-eabi/12.2 rel1/bin/../lib/gcc/arm-none-eabi/12.2.1/thumb/v7e-m+fp/hard\libc_nano.a(libc_a-stdio.o)
                0x0800aa4a                __sseek
 .text.__sclose
                0x0800aa6e        0x8 c:/program files (x86)/arm gnu toolchain arm-none-eabi/12.2 rel1/bin/../lib/gcc/arm-none-eabi/12.2.1/thumb/v7e-m+fp/hard\libc_nano.a(libc_a-stdio.o)
                0x0800aa6e                __sclose
 .text.memset   0x0800aa76       0x10 c:/program files (x86)/arm gnu toolchain arm-none-eabi/12.2 rel1/bin/../lib/gcc/arm-none-eabi/12.2.1/thumb/v7e-m+fp/hard\libc_nano.a(libc_a-memset.o)
                0x0800aa76                memset
 *fill*         0x0800aa86        0x2 
 .text._close_r
                0x0800aa88       0x20 c:/program files (x86)/arm gnu toolchain arm-none-eabi/12.2 rel1/bin/../lib/gcc/arm-none-eabi/12.2.1/thumb/v7e-m+fp/hard\libc_nano.a(libc_a-closer.o)
                0x0800aa88                _close_r
 .text._fstat_r
                0x0800aaa8       0x24 c:/program files (x86)/arm gnu toolchain arm-none-eabi/12.2 rel1/bin/../lib/gcc/arm-none-eabi/12.2.1/thumb/v7e-m+fp/hard\libc_nano.a(libc_a-fstatr.o)
                0x0800aaa8                _fstat_r
 .text._isatty_r
                0x0800aacc       0x20 c:/program files (x86)/arm gnu toolchain arm-none-eabi/12.2 rel1/bin/../lib/gcc/arm-none-eabi/12.2.1/thumb/v7e-m+fp/hard\libc_nano.a(libc_a-isattyr.o)
                0x0800aacc                _isatty_r
 .text._lseek_r
                0x0800aaec       0x24 c:/program files (x86)/arm gnu toolchain arm-none-eabi/12.2 rel1/bin/../lib/gcc/arm-none-eabi/12.2.1/thumb/v7e-m+fp/hard\libc_nano.a(libc_a-lseekr.o)
                0x0800aaec                _lseek_r
 .text._read_r  0x0800ab10       0x24 c:/program files (x86)/arm gnu toolchain arm-none-eabi/12.2 rel1/bin/../lib/gcc/arm-none-eabi/12.2.1/thumb/v7e-m+fp/hard\libc_nano.a(libc_a-readr.o)
                0x0800ab10                _read_r
 .text._sbrk_r  0x0800ab34       0x20 c:/program files (x86)/arm gnu toolchain arm-none-eabi/12.2 rel1/bin/../lib/gcc/arm-none-eabi/12.2.1/thumb/v7e-m+fp/hard\libc_nano.a(libc_a-sbrkr.o)
                0x0800ab34                _sbrk_r
 .text._write_r
                0x0800ab54       0x24 c:/program files (x86)/arm gnu toolchain arm-none-eabi/12.2 rel1/bin/../lib/gcc/arm-none-eabi/12.2.1/thumb/v7e-m+fp/hard\libc_nano.a(libc_a-writer.o)
                0x0800ab54                _write_r
 *fill*         0x0800ab78        0x8 
 .text          0x0800ab80       0xa0 c:/program files (x86)/arm gnu toolchain arm-none-eabi/12.2 rel1/bin/../lib/gcc/arm-none-eabi/12.2.1/thumb/v7e-m+fp/hard\libc_nano.a(libc_a-memchr.o)
                0x0800ab80                memchr
 .text          0x0800ac20      0x378 c:/program files (x86)/arm gnu toolchain arm-none-eabi/12.2 rel1/bin/../lib/gcc/arm-none-eabi/12.2.1/thumb/v7e-m+fp/hard\libgcc.a(_arm_addsubdf3.o)
                0x0800ac20                __aeabi_drsub
                0x0800ac28                __aeabi_dsub
                0x0800ac28                __subdf3
                0x0800ac2c                __aeabi_dadd
                0x0800ac2c                __adddf3
                0x0800aea4                __floatunsidf
                0x0800aea4                __aeabi_ui2d
                0x0800aec4                __floatsidf
                0x0800aec4                __aeabi_i2d
                0x0800aee8                __aeabi_f2d
                0x0800aee8                __extendsfdf2
                0x0800af2c                __floatundidf
                0x0800af2c                __aeabi_ul2d
                0x0800af3c                __floatdidf
                0x0800af3c                __aeabi_l2d
 .text          0x0800af98      0x424 c:/program files (x86)/arm gnu toolchain arm-none-eabi/12.2 rel1/bin/../lib/gcc/arm-none-eabi/12.2.1/thumb/v7e-m+fp/hard\libgcc.a(_arm_muldivdf3.o)
                0x0800af98                __aeabi_dmul
                0x0800af98                __muldf3
                0x0800b1ec                __divdf3
                0x0800b1ec                __aeabi_ddiv
 .text          0x0800b3bc      0x110 c:/program files (x86)/arm gnu toolchain arm-none-eabi/12.2 rel1/bin/../lib/gcc/arm-none-eabi/12.2.1/thumb/v7e-m+fp/hard\libgcc.a(_arm_cmpdf2.o)
                0x0800b3bc                __gtdf2
                0x0800b3bc                __gedf2
                0x0800b3c4                __ltdf2
                0x0800b3c4                __ledf2
                0x0800b3cc                __nedf2
                0x0800b3cc                __eqdf2
                0x0800b3cc                __cmpdf2
                0x0800b448                __aeabi_cdrcmple
                0x0800b458                __aeabi_cdcmpeq
                0x0800b458                __aeabi_cdcmple
                0x0800b468                __aeabi_dcmpeq
                0x0800b47c                __aeabi_dcmplt
                0x0800b490                __aeabi_dcmple
                0x0800b4a4                __aeabi_dcmpge
                0x0800b4b8                __aeabi_dcmpgt
 .text          0x0800b4cc       0x2c c:/program files (x86)/arm gnu toolchain arm-none-eabi/12.2 rel1/bin/../lib/gcc/arm-none-eabi/12.2.1/thumb/v7e-m+fp/hard\libgcc.a(_arm_unorddf2.o)
                0x0800b4cc                __unorddf2
                0x0800b4cc                __aeabi_dcmpun
 .text          0x0800b4f8       0x50 c:/program files (x86)/arm gnu toolchain arm-none-eabi/12.2 rel1/bin/../lib/gcc/arm-none-eabi/12.2.1/thumb/v7e-m+fp/hard\libgcc.a(_arm_fixdfsi.o)
                0x0800b4f8                __aeabi_d2iz
                0x0800b4f8                __fixdfsi
 .text          0x0800b548       0xa0 c:/program files (x86)/arm gnu toolchain arm-none-eabi/12.2 rel1/bin/../lib/gcc/arm-none-eabi/12.2.1/thumb/v7e-m+fp/hard\libgcc.a(_arm_truncdfsf2.o)
                0x0800b548                __truncdfsf2
                0x0800b548                __aeabi_d2f
 .text.__fixdfdi
                0x0800b5e8       0x30 c:/program files (x86)/arm gnu toolchain arm-none-eabi/12.2 rel1/bin/../lib/gcc/arm-none-eabi/12.2.1/thumb/v7e-m+fp/hard\libgcc.a(_fixdfdi.o)
                0x0800b5e8                __fixdfdi
                0x0800b5e8                __aeabi_d2lz
 .text.__fixunsdfdi
                0x0800b618       0x3c c:/program files (x86)/arm gnu toolchain arm-none-eabi/12.2 rel1/bin/../lib/gcc/arm-none-eabi/12.2.1/thumb/v7e-m+fp/hard\libgcc.a(_fixunsdfdi.o)
                0x0800b618                __fixunsdfdi
                0x0800b618                __aeabi_d2ulz
 .text          0x0800b654       0x40 c:/program files (x86)/arm gnu toolchain arm-none-eabi/12.2 rel1/bin/../lib/gcc/arm-none-eabi/12.2.1/thumb/v7e-m+fp/hard\libgcc.a(_arm_fixunsdfsi.o)
                0x0800b654                __aeabi_d2uiz
                0x0800b654                __fixunsdfsi

.glue_7         0x0800b694        0x0
 .glue_7        0x0800b694        0x0 linker stubs

.glue_7t        0x0800b694        0x0
 .glue_7t       0x0800b694        0x0 linker stubs

.vfp11_veneer   0x0800b694        0x0
 .vfp11_veneer  0x0800b694        0x0 linker stubs

.v4_bx          0x0800b694        0x0
 .v4_bx         0x0800b694        0x0 linker stubs

.iplt           0x0800b694        0x0
 .iplt          0x0800b694        0x0 C:\Users\Alex\AppData\Local\Temp\ccrbNKcL.o

.rodata         0x0800b698     0x309b
 *(.rodata*)
 .rodata        0x0800b698      0x53c C:\Users\Alex\AppData\Local\Temp\ccrbNKcL.o
 .rodata        0x0800bbd4       0x3d C:\Users\Alex\AppData\Local\Temp\ccgpvhsg.o
 *fill*         0x0800bc11        0x3 
 .rodata        0x0800bc14       0x46 C:\Users\Alex\AppData\Local\Temp\ccRqwBQi.o
 *fill*         0x0800bc5a        0x2 
 .rodata        0x0800bc5c       0xcb C:\Users\Alex\AppData\Local\Temp\ccLHOHxV.o
 *fill*         0x0800bd27        0x1 
 .rodata        0x0800bd28      0x1de C:\Users\Alex\AppData\Local\Temp\ccNUI94Y.o
 *fill*         0x0800bf06        0x2 
 .rodata        0x0800bf08     0x25a8 C:\Users\Alex\AppData\Local\Temp\ccUfjjJm.o
 .rodata.asin.str1.4
                0x0800e4b0        0x1 c:/program files (x86)/arm gnu toolchain arm-none-eabi/12.2 rel1/bin/../lib/gcc/arm-none-eabi/12.2.1/thumb/v7e-m+fp/hard\libm.a(libm_a-w_asin.o)
 *fill*         0x0800e4b1        0x7 
 .rodata.CSWTCH.9
                0x0800e4b8       0x18 c:/program files (x86)/arm gnu toolchain arm-none-eabi/12.2 rel1/bin/../lib/gcc/arm-none-eabi/12.2.1/thumb/v7e-m+fp/hard\libm.a(libm_a-e_atan2.o)
 .rodata.CSWTCH.8
                0x0800e4d0       0x18 c:/program files (x86)/arm gnu toolchain arm-none-eabi/12.2 rel1/bin/../lib/gcc/arm-none-eabi/12.2.1/thumb/v7e-m+fp/hard\libm.a(libm_a-e_atan2.o)
 .rodata.npio2_hw
                0x0800e4e8       0x80 c:/program files (x86)/arm gnu toolchain arm-none-eabi/12.2 rel1/bin/../lib/gcc/arm-none-eabi/12.2.1/thumb/v7e-m+fp/hard\libm.a(libm_a-e_rem_pio2.o)
 .rodata.two_over_pi
                0x0800e568      0x108 c:/program files (x86)/arm gnu toolchain arm-none-eabi/12.2 rel1/bin/../lib/gcc/arm-none-eabi/12.2.1/thumb/v7e-m+fp/hard\libm.a(libm_a-e_rem_pio2.o)
 .rodata.atanlo
                0x0800e670       0x20 c:/program files (x86)/arm gnu toolchain arm-none-eabi/12.2 rel1/bin/../lib/gcc/arm-none-eabi/12.2.1/thumb/v7e-m+fp/hard\libm.a(libm_a-s_atan.o)
 .rodata.atanhi
                0x0800e690       0x20 c:/program files (x86)/arm gnu toolchain arm-none-eabi/12.2 rel1/bin/../lib/gcc/arm-none-eabi/12.2.1/thumb/v7e-m+fp/hard\libm.a(libm_a-s_atan.o)
 .rodata.PIo2   0x0800e6b0       0x40 c:/program files (x86)/arm gnu toolchain arm-none-eabi/12.2 rel1/bin/../lib/gcc/arm-none-eabi/12.2.1/thumb/v7e-m+fp/hard\libm.a(libm_a-k_rem_pio2.o)
 .rodata.init_jk
                0x0800e6f0       0x10 c:/program files (x86)/arm gnu toolchain arm-none-eabi/12.2 rel1/bin/../lib/gcc/arm-none-eabi/12.2.1/thumb/v7e-m+fp/hard\libm.a(libm_a-k_rem_pio2.o)
 .rodata._vfprintf_r.str1.1
                0x0800e700       0x11 c:/program files (x86)/arm gnu toolchain arm-none-eabi/12.2 rel1/bin/../lib/gcc/arm-none-eabi/12.2.1/thumb/v7e-m+fp/hard\libc_nano.a(libc_a-nano-vfprintf.o)
 .rodata._printf_i.str1.1
                0x0800e711       0x22 c:/program files (x86)/arm gnu toolchain arm-none-eabi/12.2 rel1/bin/../lib/gcc/arm-none-eabi/12.2.1/thumb/v7e-m+fp/hard\libc_nano.a(libc_a-nano-vfprintf_i.o)

.rel.dyn        0x0800e734        0x0
 .rel.iplt      0x0800e734        0x0 C:\Users\Alex\AppData\Local\Temp\ccrbNKcL.o

.data           0x20000000       0x98 load address 0x0800e733
                0x20000000                _sdata = .
 *(.first_data)
 *(.data SORT_BY_NAME(.data.*))
 .data.ALE      0x20000000        0x2 C:\Users\Alex\AppData\Local\Temp\ccrbNKcL.o
                0x20000000                ALE
 .data.CLE      0x20000002        0x2 C:\Users\Alex\AppData\Local\Temp\ccrbNKcL.o
                0x20000002                CLE
 .data.FREQ     0x20000004        0x4 C:\Users\Alex\AppData\Local\Temp\cczKV0TS.o
                0x20000004                FREQ
 .data.RB       0x20000008        0x2 C:\Users\Alex\AppData\Local\Temp\ccrbNKcL.o
                0x20000008                RB
 .data.RE       0x2000000a        0x2 C:\Users\Alex\AppData\Local\Temp\ccrbNKcL.o
                0x2000000a                RE
 .data.WE       0x2000000c        0x2 C:\Users\Alex\AppData\Local\Temp\ccrbNKcL.o
                0x2000000c                WE
 .data.WP       0x2000000e        0x2 C:\Users\Alex\AppData\Local\Temp\ccrbNKcL.o
                0x2000000e                WP
 .data.__sglue  0x20000010        0xc c:/program files (x86)/arm gnu toolchain arm-none-eabi/12.2 rel1/bin/../lib/gcc/arm-none-eabi/12.2.1/thumb/v7e-m+fp/hard\libc_nano.a(libc_a-findfp.o)
                0x20000010                __sglue
 .data._impure_data
                0x2000001c       0x4c c:/program files (x86)/arm gnu toolchain arm-none-eabi/12.2 rel1/bin/../lib/gcc/arm-none-eabi/12.2.1/thumb/v7e-m+fp/hard\libc_nano.a(libc_a-impure.o)
                0x2000001c                _impure_data
 .data._impure_ptr
                0x20000068        0x4 c:/program files (x86)/arm gnu toolchain arm-none-eabi/12.2 rel1/bin/../lib/gcc/arm-none-eabi/12.2.1/thumb/v7e-m+fp/hard\libc_nano.a(libc_a-impure.o)
                0x20000068                _impure_ptr
 .data.data0    0x2000006c        0x2 C:\Users\Alex\AppData\Local\Temp\ccrbNKcL.o
                0x2000006c                data0
 .data.data1    0x2000006e        0x2 C:\Users\Alex\AppData\Local\Temp\ccrbNKcL.o
                0x2000006e                data1
 .data.data2    0x20000070        0x2 C:\Users\Alex\AppData\Local\Temp\ccrbNKcL.o
                0x20000070                data2
 .data.data3    0x20000072        0x2 C:\Users\Alex\AppData\Local\Temp\ccrbNKcL.o
                0x20000072                data3
 .data.data4    0x20000074        0x2 C:\Users\Alex\AppData\Local\Temp\ccrbNKcL.o
                0x20000074                data4
 .data.data5    0x20000076        0x2 C:\Users\Alex\AppData\Local\Temp\ccrbNKcL.o
                0x20000076                data5
 .data.data6    0x20000078        0x2 C:\Users\Alex\AppData\Local\Temp\ccrbNKcL.o
                0x20000078                data6
 .data.data7    0x2000007a        0x2 C:\Users\Alex\AppData\Local\Temp\ccrbNKcL.o
                0x2000007a                data7
 .data.globalPinMode
                0x2000007c        0x1 C:\Users\Alex\AppData\Local\Temp\ccrbNKcL.o
                0x2000007c                globalPinMode
 *fill*         0x2000007d        0x3 
 .data.one      0x20000080        0x8 c:/program files (x86)/arm gnu toolchain arm-none-eabi/12.2 rel1/bin/../lib/gcc/arm-none-eabi/12.2.1/thumb/v7e-m+fp/hard\libm.a(libm_a-e_sqrt.o)
 .data.sea_level_pressure
                0x20000088        0x4 C:\Users\Alex\AppData\Local\Temp\cccJ0COh.o
 *fill*         0x2000008c        0x4 
 .data.tiny     0x20000090        0x8 c:/program files (x86)/arm gnu toolchain arm-none-eabi/12.2 rel1/bin/../lib/gcc/arm-none-eabi/12.2.1/thumb/v7e-m+fp/hard\libm.a(libm_a-e_sqrt.o)
                0x20000098                _edata = .
                0x0800e733                _sidata = LOADADDR (.data)

.igot.plt       0x20000098        0x0 load address 0x0800e7cb
 .igot.plt      0x20000098        0x0 C:\Users\Alex\AppData\Local\Temp\ccrbNKcL.o

.bss            0x20000098      0x17c load address 0x0800e7cb
                0x20000098                _sbss = .
 *(.bss SORT_BY_NAME(.bss.*) COMMON)
 .bss.ADXL375_SPI
                0x20000098        0x4 C:\Users\Alex\AppData\Local\Temp\ccRqwBQi.o
                0x20000098                ADXL375_SPI
 .bss.MS5611_SPI
                0x2000009c        0x4 C:\Users\Alex\AppData\Local\Temp\ccgpvhsg.o
                0x2000009c                MS5611_SPI
 .bss.__lock___malloc_recursive_mutex
                0x200000a0        0x1 c:/program files (x86)/arm gnu toolchain arm-none-eabi/12.2 rel1/bin/../lib/gcc/arm-none-eabi/12.2.1/thumb/v7e-m+fp/hard\libc_nano.a(libc_a-lock.o)
                0x200000a0                __lock___malloc_recursive_mutex
 .bss.__lock___sfp_recursive_mutex
                0x200000a1        0x1 c:/program files (x86)/arm gnu toolchain arm-none-eabi/12.2 rel1/bin/../lib/gcc/arm-none-eabi/12.2.1/thumb/v7e-m+fp/hard\libc_nano.a(libc_a-lock.o)
                0x200000a1                __lock___sfp_recursive_mutex
 *fill*         0x200000a2        0x2 
 .bss.__malloc_free_list
                0x200000a4        0x4 c:/program files (x86)/arm gnu toolchain arm-none-eabi/12.2 rel1/bin/../lib/gcc/arm-none-eabi/12.2.1/thumb/v7e-m+fp/hard\libc_nano.a(libc_a-mallocr.o)
                0x200000a4                __malloc_free_list
 .bss.__malloc_sbrk_start
                0x200000a8        0x4 c:/program files (x86)/arm gnu toolchain arm-none-eabi/12.2 rel1/bin/../lib/gcc/arm-none-eabi/12.2.1/thumb/v7e-m+fp/hard\libc_nano.a(libc_a-mallocr.o)
                0x200000a8                __malloc_sbrk_start
 .bss.__sf      0x200000ac      0x138 c:/program files (x86)/arm gnu toolchain arm-none-eabi/12.2 rel1/bin/../lib/gcc/arm-none-eabi/12.2.1/thumb/v7e-m+fp/hard\libc_nano.a(libc_a-findfp.o)
                0x200000ac                __sf
 .bss.__stdio_exit_handler
                0x200001e4        0x4 c:/program files (x86)/arm gnu toolchain arm-none-eabi/12.2 rel1/bin/../lib/gcc/arm-none-eabi/12.2.1/thumb/v7e-m+fp/hard\libc_nano.a(libc_a-findfp.o)
                0x200001e4                __stdio_exit_handler
 .bss.dT        0x200001e8        0x4 C:\Users\Alex\AppData\Local\Temp\ccgpvhsg.o
                0x200001e8                dT
 .bss.errno     0x200001ec        0x4 c:/program files (x86)/arm gnu toolchain arm-none-eabi/12.2 rel1/bin/../lib/gcc/arm-none-eabi/12.2.1/thumb/v7e-m+fp/hard\libc_nano.a(libc_a-reent.o)
                0x200001ec                errno
 .bss.flightStage
                0x200001f0        0x1 C:\Users\Alex\AppData\Local\Temp\ccrbNKcL.o
                0x200001f0                flightStage
 *fill*         0x200001f1        0x3 
 .bss.frameAddressPointer
                0x200001f4        0x4 C:\Users\Alex\AppData\Local\Temp\ccrbNKcL.o
                0x200001f4                frameAddressPointer
 .bss.heap.0    0x200001f8        0x4 C:\Users\Alex\AppData\Local\Temp\ccpWqpqP.o
 .bss.ms5611_prom_data
                0x200001fc       0x10 C:\Users\Alex\AppData\Local\Temp\ccgpvhsg.o
                0x200001fc                ms5611_prom_data
 .bss.s_ticks   0x2000020c        0x4 C:\Users\Alex\AppData\Local\Temp\ccrbNKcL.o
                0x2000020c                s_ticks
 .bss.temp      0x20000210        0x4 C:\Users\Alex\AppData\Local\Temp\ccgpvhsg.o
                0x20000210                temp
                0x20000214                _ebss = .
                0x20000218                . = ALIGN (0x8)
                0x20000218                _end = .
OUTPUT(firmware.elf elf32-littlearm)
LOAD linker stubs

.debug_info     0x00000000     0x82ef
 .debug_info    0x00000000     0x225f C:\Users\Alex\AppData\Local\Temp\ccrbNKcL.o
 .debug_info    0x0000225f      0x108 C:\Users\Alex\AppData\Local\Temp\cc9Wzsw9.o
 .debug_info    0x00002367      0x87f C:\Users\Alex\AppData\Local\Temp\ccpWqpqP.o
 .debug_info    0x00002be6      0xf75 C:\Users\Alex\AppData\Local\Temp\cczKV0TS.o
 .debug_info    0x00003b5b      0x98b C:\Users\Alex\AppData\Local\Temp\ccgpvhsg.o
 .debug_info    0x000044e6      0x8e4 C:\Users\Alex\AppData\Local\Temp\ccRqwBQi.o
 .debug_info    0x00004dca      0xc34 C:\Users\Alex\AppData\Local\Temp\ccLHOHxV.o
 .debug_info    0x000059fe     0x1325 C:\Users\Alex\AppData\Local\Temp\ccNUI94Y.o
 .debug_info    0x00006d23      0x8a2 C:\Users\Alex\AppData\Local\Temp\cccJ0COh.o
 .debug_info    0x000075c5      0x74f C:\Users\Alex\AppData\Local\Temp\ccsu7JF1.o
 .debug_info    0x00007d14      0x5db C:\Users\Alex\AppData\Local\Temp\ccUfjjJm.o

.debug_abbrev   0x00000000     0x1c64
 .debug_abbrev  0x00000000      0x48a C:\Users\Alex\AppData\Local\Temp\ccrbNKcL.o
 .debug_abbrev  0x0000048a       0xc5 C:\Users\Alex\AppData\Local\Temp\cc9Wzsw9.o
 .debug_abbrev  0x0000054f      0x26e C:\Users\Alex\AppData\Local\Temp\ccpWqpqP.o
 .debug_abbrev  0x000007bd      0x2ec C:\Users\Alex\AppData\Local\Temp\cczKV0TS.o
 .debug_abbrev  0x00000aa9      0x2e2 C:\Users\Alex\AppData\Local\Temp\ccgpvhsg.o
 .debug_abbrev  0x00000d8b      0x2d5 C:\Users\Alex\AppData\Local\Temp\ccRqwBQi.o
 .debug_abbrev  0x00001060      0x2f8 C:\Users\Alex\AppData\Local\Temp\ccLHOHxV.o
 .debug_abbrev  0x00001358      0x31f C:\Users\Alex\AppData\Local\Temp\ccNUI94Y.o
 .debug_abbrev  0x00001677      0x216 C:\Users\Alex\AppData\Local\Temp\cccJ0COh.o
 .debug_abbrev  0x0000188d      0x1c1 C:\Users\Alex\AppData\Local\Temp\ccsu7JF1.o
 .debug_abbrev  0x00001a4e      0x216 C:\Users\Alex\AppData\Local\Temp\ccUfjjJm.o

.debug_aranges  0x00000000      0x6f0
 .debug_aranges
                0x00000000      0x1c0 C:\Users\Alex\AppData\Local\Temp\ccrbNKcL.o
 .debug_aranges
                0x000001c0       0x20 C:\Users\Alex\AppData\Local\Temp\cc9Wzsw9.o
 .debug_aranges
                0x000001e0       0xb0 C:\Users\Alex\AppData\Local\Temp\ccpWqpqP.o
 .debug_aranges
                0x00000290       0xb8 C:\Users\Alex\AppData\Local\Temp\cczKV0TS.o
 .debug_aranges
                0x00000348       0x90 C:\Users\Alex\AppData\Local\Temp\ccgpvhsg.o
 .debug_aranges
                0x000003d8       0x98 C:\Users\Alex\AppData\Local\Temp\ccRqwBQi.o
 .debug_aranges
                0x00000470       0xc8 C:\Users\Alex\AppData\Local\Temp\ccLHOHxV.o
 .debug_aranges
                0x00000538       0xc8 C:\Users\Alex\AppData\Local\Temp\ccNUI94Y.o
 .debug_aranges
                0x00000600       0x58 C:\Users\Alex\AppData\Local\Temp\cccJ0COh.o
 .debug_aranges
                0x00000658       0x50 C:\Users\Alex\AppData\Local\Temp\ccsu7JF1.o
 .debug_aranges
                0x000006a8       0x48 C:\Users\Alex\AppData\Local\Temp\ccUfjjJm.o

.debug_rnglists
                0x00000000      0x541
 .debug_rnglists
                0x00000000      0x166 C:\Users\Alex\AppData\Local\Temp\ccrbNKcL.o
 .debug_rnglists
                0x00000166       0x13 C:\Users\Alex\AppData\Local\Temp\cc9Wzsw9.o
 .debug_rnglists
                0x00000179       0x80 C:\Users\Alex\AppData\Local\Temp\ccpWqpqP.o
 .debug_rnglists
                0x000001f9       0x8b C:\Users\Alex\AppData\Local\Temp\cczKV0TS.o
 .debug_rnglists
                0x00000284       0x6b C:\Users\Alex\AppData\Local\Temp\ccgpvhsg.o
 .debug_rnglists
                0x000002ef       0x71 C:\Users\Alex\AppData\Local\Temp\ccRqwBQi.o
 .debug_rnglists
                0x00000360       0x99 C:\Users\Alex\AppData\Local\Temp\ccLHOHxV.o
 .debug_rnglists
                0x000003f9       0x96 C:\Users\Alex\AppData\Local\Temp\ccNUI94Y.o
 .debug_rnglists
                0x0000048f       0x40 C:\Users\Alex\AppData\Local\Temp\cccJ0COh.o
 .debug_rnglists
                0x000004cf       0x3d C:\Users\Alex\AppData\Local\Temp\ccsu7JF1.o
 .debug_rnglists
                0x0000050c       0x35 C:\Users\Alex\AppData\Local\Temp\ccUfjjJm.o

.debug_macro    0x00000000    0x22f74
 .debug_macro   0x00000000      0x386 C:\Users\Alex\AppData\Local\Temp\ccrbNKcL.o
 .debug_macro   0x00000386      0xaa2 C:\Users\Alex\AppData\Local\Temp\ccrbNKcL.o
 .debug_macro   0x00000e28       0x22 C:\Users\Alex\AppData\Local\Temp\ccrbNKcL.o
 .debug_macro   0x00000e4a       0x5b C:\Users\Alex\AppData\Local\Temp\ccrbNKcL.o
 .debug_macro   0x00000ea5       0x2a C:\Users\Alex\AppData\Local\Temp\ccrbNKcL.o
 .debug_macro   0x00000ecf       0x94 C:\Users\Alex\AppData\Local\Temp\ccrbNKcL.o
 .debug_macro   0x00000f63       0x43 C:\Users\Alex\AppData\Local\Temp\ccrbNKcL.o
 .debug_macro   0x00000fa6       0x34 C:\Users\Alex\AppData\Local\Temp\ccrbNKcL.o
 .debug_macro   0x00000fda       0x16 C:\Users\Alex\AppData\Local\Temp\ccrbNKcL.o
 .debug_macro   0x00000ff0       0x57 C:\Users\Alex\AppData\Local\Temp\ccrbNKcL.o
 .debug_macro   0x00001047       0x9e C:\Users\Alex\AppData\Local\Temp\ccrbNKcL.o
 .debug_macro   0x000010e5      0x369 C:\Users\Alex\AppData\Local\Temp\ccrbNKcL.o
 .debug_macro   0x0000144e      0x10b C:\Users\Alex\AppData\Local\Temp\ccrbNKcL.o
 .debug_macro   0x00001559       0x10 C:\Users\Alex\AppData\Local\Temp\ccrbNKcL.o
 .debug_macro   0x00001569       0x16 C:\Users\Alex\AppData\Local\Temp\ccrbNKcL.o
 .debug_macro   0x0000157f       0x43 C:\Users\Alex\AppData\Local\Temp\ccrbNKcL.o
 .debug_macro   0x000015c2       0x34 C:\Users\Alex\AppData\Local\Temp\ccrbNKcL.o
 .debug_macro   0x000015f6       0x10 C:\Users\Alex\AppData\Local\Temp\ccrbNKcL.o
 .debug_macro   0x00001606       0x58 C:\Users\Alex\AppData\Local\Temp\ccrbNKcL.o
 .debug_macro   0x0000165e       0x8e C:\Users\Alex\AppData\Local\Temp\ccrbNKcL.o
 .debug_macro   0x000016ec       0x1c C:\Users\Alex\AppData\Local\Temp\ccrbNKcL.o
 .debug_macro   0x00001708      0x177 C:\Users\Alex\AppData\Local\Temp\ccrbNKcL.o
 .debug_macro   0x0000187f       0x16 C:\Users\Alex\AppData\Local\Temp\ccrbNKcL.o
 .debug_macro   0x00001895       0x16 C:\Users\Alex\AppData\Local\Temp\ccrbNKcL.o
 .debug_macro   0x000018ab      0x146 C:\Users\Alex\AppData\Local\Temp\ccrbNKcL.o
 .debug_macro   0x000019f1      0x130 C:\Users\Alex\AppData\Local\Temp\ccrbNKcL.o
 .debug_macro   0x00001b21      0x103 C:\Users\Alex\AppData\Local\Temp\ccrbNKcL.o
 .debug_macro   0x00001c24       0x6a C:\Users\Alex\AppData\Local\Temp\ccrbNKcL.o
 .debug_macro   0x00001c8e      0x1df C:\Users\Alex\AppData\Local\Temp\ccrbNKcL.o
 .debug_macro   0x00001e6d       0x35 C:\Users\Alex\AppData\Local\Temp\ccrbNKcL.o
 .debug_macro   0x00001ea2      0x460 C:\Users\Alex\AppData\Local\Temp\ccrbNKcL.o
 .debug_macro   0x00002302       0x22 C:\Users\Alex\AppData\Local\Temp\ccrbNKcL.o
 .debug_macro   0x00002324       0x16 C:\Users\Alex\AppData\Local\Temp\ccrbNKcL.o
 .debug_macro   0x0000233a       0x16 C:\Users\Alex\AppData\Local\Temp\ccrbNKcL.o
 .debug_macro   0x00002350       0x29 C:\Users\Alex\AppData\Local\Temp\ccrbNKcL.o
 .debug_macro   0x00002379       0x16 C:\Users\Alex\AppData\Local\Temp\ccrbNKcL.o
 .debug_macro   0x0000238f       0x10 C:\Users\Alex\AppData\Local\Temp\ccrbNKcL.o
 .debug_macro   0x0000239f       0x10 C:\Users\Alex\AppData\Local\Temp\ccrbNKcL.o
 .debug_macro   0x000023af       0x10 C:\Users\Alex\AppData\Local\Temp\ccrbNKcL.o
 .debug_macro   0x000023bf       0x1c C:\Users\Alex\AppData\Local\Temp\ccrbNKcL.o
 .debug_macro   0x000023db       0x52 C:\Users\Alex\AppData\Local\Temp\ccrbNKcL.o
 .debug_macro   0x0000242d       0x22 C:\Users\Alex\AppData\Local\Temp\ccrbNKcL.o
 .debug_macro   0x0000244f       0x10 C:\Users\Alex\AppData\Local\Temp\ccrbNKcL.o
 .debug_macro   0x0000245f       0x52 C:\Users\Alex\AppData\Local\Temp\ccrbNKcL.o
 .debug_macro   0x000024b1       0xc1 C:\Users\Alex\AppData\Local\Temp\ccrbNKcL.o
 .debug_macro   0x00002572       0x1c C:\Users\Alex\AppData\Local\Temp\ccrbNKcL.o
 .debug_macro   0x0000258e       0x3d C:\Users\Alex\AppData\Local\Temp\ccrbNKcL.o
 .debug_macro   0x000025cb       0x35 C:\Users\Alex\AppData\Local\Temp\ccrbNKcL.o
 .debug_macro   0x00002600      0x12c C:\Users\Alex\AppData\Local\Temp\ccrbNKcL.o
 .debug_macro   0x0000272c      0x19b C:\Users\Alex\AppData\Local\Temp\ccrbNKcL.o
 .debug_macro   0x000028c7       0x28 C:\Users\Alex\AppData\Local\Temp\ccrbNKcL.o
 .debug_macro   0x000028ef       0x1c C:\Users\Alex\AppData\Local\Temp\ccrbNKcL.o
 .debug_macro   0x0000290b       0x22 C:\Users\Alex\AppData\Local\Temp\ccrbNKcL.o
 .debug_macro   0x0000292d       0xd9 C:\Users\Alex\AppData\Local\Temp\ccrbNKcL.o
 .debug_macro   0x00002a06     0x102d C:\Users\Alex\AppData\Local\Temp\ccrbNKcL.o
 .debug_macro   0x00003a33      0x11f C:\Users\Alex\AppData\Local\Temp\ccrbNKcL.o
 .debug_macro   0x00003b52    0x1cb71 C:\Users\Alex\AppData\Local\Temp\ccrbNKcL.o
 .debug_macro   0x000206c3       0x4b C:\Users\Alex\AppData\Local\Temp\ccrbNKcL.o
 .debug_macro   0x0002070e       0x10 C:\Users\Alex\AppData\Local\Temp\ccrbNKcL.o
 .debug_macro   0x0002071e       0x10 C:\Users\Alex\AppData\Local\Temp\ccrbNKcL.o
 .debug_macro   0x0002072e      0x1a8 C:\Users\Alex\AppData\Local\Temp\ccrbNKcL.o
 .debug_macro   0x000208d6       0x88 C:\Users\Alex\AppData\Local\Temp\ccrbNKcL.o
 .debug_macro   0x0002095e      0x190 C:\Users\Alex\AppData\Local\Temp\ccrbNKcL.o
 .debug_macro   0x00020aee       0xd0 C:\Users\Alex\AppData\Local\Temp\ccrbNKcL.o
 .debug_macro   0x00020bbe       0x76 C:\Users\Alex\AppData\Local\Temp\ccrbNKcL.o
 .debug_macro   0x00020c34      0x184 C:\Users\Alex\AppData\Local\Temp\ccrbNKcL.o
 .debug_macro   0x00020db8       0x28 C:\Users\Alex\AppData\Local\Temp\ccrbNKcL.o
 .debug_macro   0x00020de0       0x2e C:\Users\Alex\AppData\Local\Temp\ccrbNKcL.o
 .debug_macro   0x00020e0e       0x11 C:\Users\Alex\AppData\Local\Temp\cc9Wzsw9.o
 .debug_macro   0x00020e1f      0x2d4 C:\Users\Alex\AppData\Local\Temp\ccpWqpqP.o
 .debug_macro   0x000210f3       0x3a C:\Users\Alex\AppData\Local\Temp\ccpWqpqP.o
 .debug_macro   0x0002112d       0x89 C:\Users\Alex\AppData\Local\Temp\ccpWqpqP.o
 .debug_macro   0x000211b6       0x1c C:\Users\Alex\AppData\Local\Temp\ccpWqpqP.o
 .debug_macro   0x000211d2       0x94 C:\Users\Alex\AppData\Local\Temp\ccpWqpqP.o
 .debug_macro   0x00021266      0x13c C:\Users\Alex\AppData\Local\Temp\ccpWqpqP.o
 .debug_macro   0x000213a2      0x2dd C:\Users\Alex\AppData\Local\Temp\cczKV0TS.o
 .debug_macro   0x0002167f      0x2e9 C:\Users\Alex\AppData\Local\Temp\ccgpvhsg.o
 .debug_macro   0x00021968       0x8e C:\Users\Alex\AppData\Local\Temp\ccgpvhsg.o
 .debug_macro   0x000219f6       0x51 C:\Users\Alex\AppData\Local\Temp\ccgpvhsg.o
 .debug_macro   0x00021a47       0x61 C:\Users\Alex\AppData\Local\Temp\ccgpvhsg.o
 .debug_macro   0x00021aa8       0x82 C:\Users\Alex\AppData\Local\Temp\ccgpvhsg.o
 .debug_macro   0x00021b2a      0x2e3 C:\Users\Alex\AppData\Local\Temp\ccRqwBQi.o
 .debug_macro   0x00021e0d      0x18a C:\Users\Alex\AppData\Local\Temp\ccRqwBQi.o
 .debug_macro   0x00021f97      0x2ec C:\Users\Alex\AppData\Local\Temp\ccLHOHxV.o
 .debug_macro   0x00022283      0x32c C:\Users\Alex\AppData\Local\Temp\ccNUI94Y.o
 .debug_macro   0x000225af       0x10 C:\Users\Alex\AppData\Local\Temp\ccNUI94Y.o
 .debug_macro   0x000225bf       0x22 C:\Users\Alex\AppData\Local\Temp\ccNUI94Y.o
 .debug_macro   0x000225e1      0x342 C:\Users\Alex\AppData\Local\Temp\cccJ0COh.o
 .debug_macro   0x00022923       0x28 C:\Users\Alex\AppData\Local\Temp\cccJ0COh.o
 .debug_macro   0x0002294b      0x2fc C:\Users\Alex\AppData\Local\Temp\ccsu7JF1.o
 .debug_macro   0x00022c47      0x30b C:\Users\Alex\AppData\Local\Temp\ccUfjjJm.o
 .debug_macro   0x00022f52       0x22 C:\Users\Alex\AppData\Local\Temp\ccUfjjJm.o

.debug_line     0x00000000     0x78af
 .debug_line    0x00000000     0x24de C:\Users\Alex\AppData\Local\Temp\ccrbNKcL.o
 .debug_line    0x000024de       0x8c C:\Users\Alex\AppData\Local\Temp\cc9Wzsw9.o
 .debug_line    0x0000256a      0x74b C:\Users\Alex\AppData\Local\Temp\ccpWqpqP.o
 .debug_line    0x00002cb5      0x9c5 C:\Users\Alex\AppData\Local\Temp\cczKV0TS.o
 .debug_line    0x0000367a      0x8e7 C:\Users\Alex\AppData\Local\Temp\ccgpvhsg.o
 .debug_line    0x00003f61      0x89b C:\Users\Alex\AppData\Local\Temp\ccRqwBQi.o
 .debug_line    0x000047fc      0xc44 C:\Users\Alex\AppData\Local\Temp\ccLHOHxV.o
 .debug_line    0x00005440      0xadf C:\Users\Alex\AppData\Local\Temp\ccNUI94Y.o
 .debug_line    0x00005f1f      0x791 C:\Users\Alex\AppData\Local\Temp\cccJ0COh.o
 .debug_line    0x000066b0      0x9ed C:\Users\Alex\AppData\Local\Temp\ccsu7JF1.o
 .debug_line    0x0000709d      0x812 C:\Users\Alex\AppData\Local\Temp\ccUfjjJm.o

.debug_str      0x00000000    0xb68f5
 .debug_str     0x00000000    0xb5c32 C:\Users\Alex\AppData\Local\Temp\ccrbNKcL.o
                              0xb5fa9 (size before relaxing)
 .debug_str     0x000b5c32       0x3b C:\Users\Alex\AppData\Local\Temp\cc9Wzsw9.o
                               0x2df9 (size before relaxing)
 .debug_str     0x000b5c6d      0x173 C:\Users\Alex\AppData\Local\Temp\ccpWqpqP.o
                              0xb33b8 (size before relaxing)
 .debug_str     0x000b5de0      0x1e8 C:\Users\Alex\AppData\Local\Temp\cczKV0TS.o
                              0xb368d (size before relaxing)
 .debug_str     0x000b5fc8      0x156 C:\Users\Alex\AppData\Local\Temp\ccgpvhsg.o
                              0xb3681 (size before relaxing)
 .debug_str     0x000b611e       0x79 C:\Users\Alex\AppData\Local\Temp\ccRqwBQi.o
                              0xb3c0c (size before relaxing)
 .debug_str     0x000b6197      0x1df C:\Users\Alex\AppData\Local\Temp\ccLHOHxV.o
                              0xb3dc3 (size before relaxing)
 .debug_str     0x000b6376      0x355 C:\Users\Alex\AppData\Local\Temp\ccNUI94Y.o
                              0xb5806 (size before relaxing)
 .debug_str     0x000b66cb       0x9d C:\Users\Alex\AppData\Local\Temp\cccJ0COh.o
                              0xb4ba4 (size before relaxing)
 .debug_str     0x000b6768      0x136 C:\Users\Alex\AppData\Local\Temp\ccsu7JF1.o
                              0xb3bfd (size before relaxing)
 .debug_str     0x000b689e       0x57 C:\Users\Alex\AppData\Local\Temp\ccUfjjJm.o
                              0xb3bc2 (size before relaxing)

.comment        0x00000000       0x45
 .comment       0x00000000       0x45 C:\Users\Alex\AppData\Local\Temp\ccrbNKcL.o
                                 0x46 (size before relaxing)
 .comment       0x00000045       0x46 C:\Users\Alex\AppData\Local\Temp\cc9Wzsw9.o
 .comment       0x00000045       0x46 C:\Users\Alex\AppData\Local\Temp\ccpWqpqP.o
 .comment       0x00000045       0x46 C:\Users\Alex\AppData\Local\Temp\cczKV0TS.o
 .comment       0x00000045       0x46 C:\Users\Alex\AppData\Local\Temp\ccgpvhsg.o
 .comment       0x00000045       0x46 C:\Users\Alex\AppData\Local\Temp\ccRqwBQi.o
 .comment       0x00000045       0x46 C:\Users\Alex\AppData\Local\Temp\ccLHOHxV.o
 .comment       0x00000045       0x46 C:\Users\Alex\AppData\Local\Temp\ccNUI94Y.o
 .comment       0x00000045       0x46 C:\Users\Alex\AppData\Local\Temp\cccJ0COh.o
 .comment       0x00000045       0x46 C:\Users\Alex\AppData\Local\Temp\ccsu7JF1.o
 .comment       0x00000045       0x46 C:\Users\Alex\AppData\Local\Temp\ccUfjjJm.o

.ARM.attributes
                0x00000000       0x32
 .ARM.attributes
                0x00000000       0x34 C:\Users\Alex\AppData\Local\Temp\ccrbNKcL.o
 .ARM.attributes
                0x00000034       0x34 C:\Users\Alex\AppData\Local\Temp\cc9Wzsw9.o
 .ARM.attributes
                0x00000068       0x34 C:\Users\Alex\AppData\Local\Temp\ccpWqpqP.o
 .ARM.attributes
                0x0000009c       0x34 C:\Users\Alex\AppData\Local\Temp\cczKV0TS.o
 .ARM.attributes
                0x000000d0       0x34 C:\Users\Alex\AppData\Local\Temp\ccgpvhsg.o
 .ARM.attributes
                0x00000104       0x34 C:\Users\Alex\AppData\Local\Temp\ccRqwBQi.o
 .ARM.attributes
                0x00000138       0x34 C:\Users\Alex\AppData\Local\Temp\ccLHOHxV.o
 .ARM.attributes
                0x0000016c       0x34 C:\Users\Alex\AppData\Local\Temp\ccNUI94Y.o
 .ARM.attributes
                0x000001a0       0x34 C:\Users\Alex\AppData\Local\Temp\cccJ0COh.o
 .ARM.attributes
                0x000001d4       0x34 C:\Users\Alex\AppData\Local\Temp\ccsu7JF1.o
 .ARM.attributes
                0x00000208       0x34 C:\Users\Alex\AppData\Local\Temp\ccUfjjJm.o
 .ARM.attributes
                0x0000023c       0x34 c:/program files (x86)/arm gnu toolchain arm-none-eabi/12.2 rel1/bin/../lib/gcc/arm-none-eabi/12.2.1/thumb/v7e-m+fp/hard\libm.a(libm_a-w_asin.o)
 .ARM.attributes
                0x00000270       0x34 c:/program files (x86)/arm gnu toolchain arm-none-eabi/12.2 rel1/bin/../lib/gcc/arm-none-eabi/12.2.1/thumb/v7e-m+fp/hard\libm.a(libm_a-w_atan2.o)
 .ARM.attributes
                0x000002a4       0x34 c:/program files (x86)/arm gnu toolchain arm-none-eabi/12.2 rel1/bin/../lib/gcc/arm-none-eabi/12.2.1/thumb/v7e-m+fp/hard\libm.a(libm_a-w_pow.o)
 .ARM.attributes
                0x000002d8       0x34 c:/program files (x86)/arm gnu toolchain arm-none-eabi/12.2 rel1/bin/../lib/gcc/arm-none-eabi/12.2.1/thumb/v7e-m+fp/hard\libm.a(libm_a-w_sqrt.o)
 .ARM.attributes
                0x0000030c       0x34 c:/program files (x86)/arm gnu toolchain arm-none-eabi/12.2 rel1/bin/../lib/gcc/arm-none-eabi/12.2.1/thumb/v7e-m+fp/hard\libm.a(libm_a-s_cos.o)
 .ARM.attributes
                0x00000340       0x34 c:/program files (x86)/arm gnu toolchain arm-none-eabi/12.2 rel1/bin/../lib/gcc/arm-none-eabi/12.2.1/thumb/v7e-m+fp/hard\libm.a(libm_a-s_fabs.o)
 .ARM.attributes
                0x00000374       0x34 c:/program files (x86)/arm gnu toolchain arm-none-eabi/12.2 rel1/bin/../lib/gcc/arm-none-eabi/12.2.1/thumb/v7e-m+fp/hard\libm.a(libm_a-s_sin.o)
 .ARM.attributes
                0x000003a8       0x34 c:/program files (x86)/arm gnu toolchain arm-none-eabi/12.2 rel1/bin/../lib/gcc/arm-none-eabi/12.2.1/thumb/v7e-m+fp/hard\libm.a(libm_a-wf_sqrt.o)
 .ARM.attributes
                0x000003dc       0x34 c:/program files (x86)/arm gnu toolchain arm-none-eabi/12.2 rel1/bin/../lib/gcc/arm-none-eabi/12.2.1/thumb/v7e-m+fp/hard\libm.a(libm_a-s_finite.o)
 .ARM.attributes
                0x00000410       0x34 c:/program files (x86)/arm gnu toolchain arm-none-eabi/12.2 rel1/bin/../lib/gcc/arm-none-eabi/12.2.1/thumb/v7e-m+fp/hard\libm.a(libm_a-s_nan.o)
 .ARM.attributes
                0x00000444       0x34 c:/program files (x86)/arm gnu toolchain arm-none-eabi/12.2 rel1/bin/../lib/gcc/arm-none-eabi/12.2.1/thumb/v7e-m+fp/hard\libm.a(libm_a-powl.o)
 .ARM.attributes
                0x00000478       0x34 c:/program files (x86)/arm gnu toolchain arm-none-eabi/12.2 rel1/bin/../lib/gcc/arm-none-eabi/12.2.1/thumb/v7e-m+fp/hard\libm.a(libm_a-e_sqrt.o)
 .ARM.attributes
                0x000004ac       0x34 c:/program files (x86)/arm gnu toolchain arm-none-eabi/12.2 rel1/bin/../lib/gcc/arm-none-eabi/12.2.1/thumb/v7e-m+fp/hard\libm.a(libm_a-ef_sqrt.o)
 .ARM.attributes
                0x000004e0       0x34 c:/program files (x86)/arm gnu toolchain arm-none-eabi/12.2 rel1/bin/../lib/gcc/arm-none-eabi/12.2.1/thumb/v7e-m+fp/hard\libm.a(libm_a-k_cos.o)
 .ARM.attributes
                0x00000514       0x34 c:/program files (x86)/arm gnu toolchain arm-none-eabi/12.2 rel1/bin/../lib/gcc/arm-none-eabi/12.2.1/thumb/v7e-m+fp/hard\libm.a(libm_a-k_sin.o)
 .ARM.attributes
                0x00000548       0x34 c:/program files (x86)/arm gnu toolchain arm-none-eabi/12.2 rel1/bin/../lib/gcc/arm-none-eabi/12.2.1/thumb/v7e-m+fp/hard\libm.a(libm_a-e_asin.o)
 .ARM.attributes
                0x0000057c       0x34 c:/program files (x86)/arm gnu toolchain arm-none-eabi/12.2 rel1/bin/../lib/gcc/arm-none-eabi/12.2.1/thumb/v7e-m+fp/hard\libm.a(libm_a-e_atan2.o)
 .ARM.attributes
                0x000005b0       0x34 c:/program files (x86)/arm gnu toolchain arm-none-eabi/12.2 rel1/bin/../lib/gcc/arm-none-eabi/12.2.1/thumb/v7e-m+fp/hard\libm.a(libm_a-e_pow.o)
 .ARM.attributes
                0x000005e4       0x34 c:/program files (x86)/arm gnu toolchain arm-none-eabi/12.2 rel1/bin/../lib/gcc/arm-none-eabi/12.2.1/thumb/v7e-m+fp/hard\libm.a(libm_a-e_rem_pio2.o)
 .ARM.attributes
                0x00000618       0x34 c:/program files (x86)/arm gnu toolchain arm-none-eabi/12.2 rel1/bin/../lib/gcc/arm-none-eabi/12.2.1/thumb/v7e-m+fp/hard\libm.a(libm_a-s_atan.o)
 .ARM.attributes
                0x0000064c       0x34 c:/program files (x86)/arm gnu toolchain arm-none-eabi/12.2 rel1/bin/../lib/gcc/arm-none-eabi/12.2.1/thumb/v7e-m+fp/hard\libm.a(libm_a-s_scalbn.o)
 .ARM.attributes
                0x00000680       0x34 c:/program files (x86)/arm gnu toolchain arm-none-eabi/12.2 rel1/bin/../lib/gcc/arm-none-eabi/12.2.1/thumb/v7e-m+fp/hard\libm.a(libm_a-math_err.o)
 .ARM.attributes
                0x000006b4       0x34 c:/program files (x86)/arm gnu toolchain arm-none-eabi/12.2 rel1/bin/../lib/gcc/arm-none-eabi/12.2.1/thumb/v7e-m+fp/hard\libm.a(libm_a-k_rem_pio2.o)
 .ARM.attributes
                0x000006e8       0x34 c:/program files (x86)/arm gnu toolchain arm-none-eabi/12.2 rel1/bin/../lib/gcc/arm-none-eabi/12.2.1/thumb/v7e-m+fp/hard\libm.a(libm_a-s_floor.o)
 .ARM.attributes
                0x0000071c       0x34 c:/program files (x86)/arm gnu toolchain arm-none-eabi/12.2 rel1/bin/../lib/gcc/arm-none-eabi/12.2.1/thumb/v7e-m+fp/hard\libc_nano.a(libc_a-qsort.o)
 .ARM.attributes
                0x00000750       0x34 c:/program files (x86)/arm gnu toolchain arm-none-eabi/12.2 rel1/bin/../lib/gcc/arm-none-eabi/12.2.1/thumb/v7e-m+fp/hard\libc_nano.a(libc_a-printf.o)
 .ARM.attributes
                0x00000784       0x34 c:/program files (x86)/arm gnu toolchain arm-none-eabi/12.2 rel1/bin/../lib/gcc/arm-none-eabi/12.2.1/thumb/v7e-m+fp/hard\libc_nano.a(libc_a-puts.o)
 .ARM.attributes
                0x000007b8       0x34 c:/program files (x86)/arm gnu toolchain arm-none-eabi/12.2 rel1/bin/../lib/gcc/arm-none-eabi/12.2.1/thumb/v7e-m+fp/hard\libc_nano.a(libc_a-wbuf.o)
 .ARM.attributes
                0x000007ec       0x34 c:/program files (x86)/arm gnu toolchain arm-none-eabi/12.2 rel1/bin/../lib/gcc/arm-none-eabi/12.2.1/thumb/v7e-m+fp/hard\libc_nano.a(libc_a-wsetup.o)
 .ARM.attributes
                0x00000820       0x34 c:/program files (x86)/arm gnu toolchain arm-none-eabi/12.2 rel1/bin/../lib/gcc/arm-none-eabi/12.2.1/thumb/v7e-m+fp/hard\libc_nano.a(libc_a-impure.o)
 .ARM.attributes
                0x00000854       0x34 c:/program files (x86)/arm gnu toolchain arm-none-eabi/12.2 rel1/bin/../lib/gcc/arm-none-eabi/12.2.1/thumb/v7e-m+fp/hard\libc_nano.a(libc_a-errno.o)
 .ARM.attributes
                0x00000888       0x34 c:/program files (x86)/arm gnu toolchain arm-none-eabi/12.2 rel1/bin/../lib/gcc/arm-none-eabi/12.2.1/thumb/v7e-m+fp/hard\libc_nano.a(libc_a-lock.o)
 .ARM.attributes
                0x000008bc       0x34 c:/program files (x86)/arm gnu toolchain arm-none-eabi/12.2 rel1/bin/../lib/gcc/arm-none-eabi/12.2.1/thumb/v7e-m+fp/hard\libc_nano.a(libc_a-memcpy-stub.o)
 .ARM.attributes
                0x000008f0       0x34 c:/program files (x86)/arm gnu toolchain arm-none-eabi/12.2 rel1/bin/../lib/gcc/arm-none-eabi/12.2.1/thumb/v7e-m+fp/hard\libc_nano.a(libc_a-freer.o)
 .ARM.attributes
                0x00000924       0x34 c:/program files (x86)/arm gnu toolchain arm-none-eabi/12.2 rel1/bin/../lib/gcc/arm-none-eabi/12.2.1/thumb/v7e-m+fp/hard\libc_nano.a(libc_a-mallocr.o)
 .ARM.attributes
                0x00000958       0x34 c:/program files (x86)/arm gnu toolchain arm-none-eabi/12.2 rel1/bin/../lib/gcc/arm-none-eabi/12.2.1/thumb/v7e-m+fp/hard\libc_nano.a(libc_a-mlock.o)
 .ARM.attributes
                0x0000098c       0x34 c:/program files (x86)/arm gnu toolchain arm-none-eabi/12.2 rel1/bin/../lib/gcc/arm-none-eabi/12.2.1/thumb/v7e-m+fp/hard\libc_nano.a(libc_a-nano-vfprintf.o)
 .ARM.attributes
                0x000009c0       0x34 c:/program files (x86)/arm gnu toolchain arm-none-eabi/12.2 rel1/bin/../lib/gcc/arm-none-eabi/12.2.1/thumb/v7e-m+fp/hard\libc_nano.a(libc_a-nano-vfprintf_i.o)
 .ARM.attributes
                0x000009f4       0x34 c:/program files (x86)/arm gnu toolchain arm-none-eabi/12.2 rel1/bin/../lib/gcc/arm-none-eabi/12.2.1/thumb/v7e-m+fp/hard\libc_nano.a(libc_a-fflush.o)
 .ARM.attributes
                0x00000a28       0x34 c:/program files (x86)/arm gnu toolchain arm-none-eabi/12.2 rel1/bin/../lib/gcc/arm-none-eabi/12.2.1/thumb/v7e-m+fp/hard\libc_nano.a(libc_a-findfp.o)
 .ARM.attributes
                0x00000a5c       0x34 c:/program files (x86)/arm gnu toolchain arm-none-eabi/12.2 rel1/bin/../lib/gcc/arm-none-eabi/12.2.1/thumb/v7e-m+fp/hard\libc_nano.a(libc_a-fwalk.o)
 .ARM.attributes
                0x00000a90       0x34 c:/program files (x86)/arm gnu toolchain arm-none-eabi/12.2 rel1/bin/../lib/gcc/arm-none-eabi/12.2.1/thumb/v7e-m+fp/hard\libc_nano.a(libc_a-makebuf.o)
 .ARM.attributes
                0x00000ac4       0x34 c:/program files (x86)/arm gnu toolchain arm-none-eabi/12.2 rel1/bin/../lib/gcc/arm-none-eabi/12.2.1/thumb/v7e-m+fp/hard\libc_nano.a(libc_a-stdio.o)
 .ARM.attributes
                0x00000af8       0x34 c:/program files (x86)/arm gnu toolchain arm-none-eabi/12.2 rel1/bin/../lib/gcc/arm-none-eabi/12.2.1/thumb/v7e-m+fp/hard\libc_nano.a(libc_a-memset.o)
 .ARM.attributes
                0x00000b2c       0x34 c:/program files (x86)/arm gnu toolchain arm-none-eabi/12.2 rel1/bin/../lib/gcc/arm-none-eabi/12.2.1/thumb/v7e-m+fp/hard\libc_nano.a(libc_a-closer.o)
 .ARM.attributes
                0x00000b60       0x34 c:/program files (x86)/arm gnu toolchain arm-none-eabi/12.2 rel1/bin/../lib/gcc/arm-none-eabi/12.2.1/thumb/v7e-m+fp/hard\libc_nano.a(libc_a-reent.o)
 .ARM.attributes
                0x00000b94       0x34 c:/program files (x86)/arm gnu toolchain arm-none-eabi/12.2 rel1/bin/../lib/gcc/arm-none-eabi/12.2.1/thumb/v7e-m+fp/hard\libc_nano.a(libc_a-fstatr.o)
 .ARM.attributes
                0x00000bc8       0x34 c:/program files (x86)/arm gnu toolchain arm-none-eabi/12.2 rel1/bin/../lib/gcc/arm-none-eabi/12.2.1/thumb/v7e-m+fp/hard\libc_nano.a(libc_a-isattyr.o)
 .ARM.attributes
                0x00000bfc       0x34 c:/program files (x86)/arm gnu toolchain arm-none-eabi/12.2 rel1/bin/../lib/gcc/arm-none-eabi/12.2.1/thumb/v7e-m+fp/hard\libc_nano.a(libc_a-lseekr.o)
 .ARM.attributes
                0x00000c30       0x34 c:/program files (x86)/arm gnu toolchain arm-none-eabi/12.2 rel1/bin/../lib/gcc/arm-none-eabi/12.2.1/thumb/v7e-m+fp/hard\libc_nano.a(libc_a-readr.o)
 .ARM.attributes
                0x00000c64       0x34 c:/program files (x86)/arm gnu toolchain arm-none-eabi/12.2 rel1/bin/../lib/gcc/arm-none-eabi/12.2.1/thumb/v7e-m+fp/hard\libc_nano.a(libc_a-sbrkr.o)
 .ARM.attributes
                0x00000c98       0x34 c:/program files (x86)/arm gnu toolchain arm-none-eabi/12.2 rel1/bin/../lib/gcc/arm-none-eabi/12.2.1/thumb/v7e-m+fp/hard\libc_nano.a(libc_a-writer.o)
 .ARM.attributes
                0x00000ccc       0x1c c:/program files (x86)/arm gnu toolchain arm-none-eabi/12.2 rel1/bin/../lib/gcc/arm-none-eabi/12.2.1/thumb/v7e-m+fp/hard\libc_nano.a(libc_a-memchr.o)
 .ARM.attributes
                0x00000ce8       0x22 c:/program files (x86)/arm gnu toolchain arm-none-eabi/12.2 rel1/bin/../lib/gcc/arm-none-eabi/12.2.1/thumb/v7e-m+fp/hard\libgcc.a(_arm_addsubdf3.o)
 .ARM.attributes
                0x00000d0a       0x22 c:/program files (x86)/arm gnu toolchain arm-none-eabi/12.2 rel1/bin/../lib/gcc/arm-none-eabi/12.2.1/thumb/v7e-m+fp/hard\libgcc.a(_arm_muldivdf3.o)
 .ARM.attributes
                0x00000d2c       0x22 c:/program files (x86)/arm gnu toolchain arm-none-eabi/12.2 rel1/bin/../lib/gcc/arm-none-eabi/12.2.1/thumb/v7e-m+fp/hard\libgcc.a(_arm_cmpdf2.o)
 .ARM.attributes
                0x00000d4e       0x22 c:/program files (x86)/arm gnu toolchain arm-none-eabi/12.2 rel1/bin/../lib/gcc/arm-none-eabi/12.2.1/thumb/v7e-m+fp/hard\libgcc.a(_arm_unorddf2.o)
 .ARM.attributes
                0x00000d70       0x22 c:/program files (x86)/arm gnu toolchain arm-none-eabi/12.2 rel1/bin/../lib/gcc/arm-none-eabi/12.2.1/thumb/v7e-m+fp/hard\libgcc.a(_arm_fixdfsi.o)
 .ARM.attributes
                0x00000d92       0x22 c:/program files (x86)/arm gnu toolchain arm-none-eabi/12.2 rel1/bin/../lib/gcc/arm-none-eabi/12.2.1/thumb/v7e-m+fp/hard\libgcc.a(_arm_truncdfsf2.o)
 .ARM.attributes
                0x00000db4       0x34 c:/program files (x86)/arm gnu toolchain arm-none-eabi/12.2 rel1/bin/../lib/gcc/arm-none-eabi/12.2.1/thumb/v7e-m+fp/hard\libgcc.a(_fixdfdi.o)
 .ARM.attributes
                0x00000de8       0x34 c:/program files (x86)/arm gnu toolchain arm-none-eabi/12.2 rel1/bin/../lib/gcc/arm-none-eabi/12.2.1/thumb/v7e-m+fp/hard\libgcc.a(_fixunsdfdi.o)
 .ARM.attributes
                0x00000e1c       0x22 c:/program files (x86)/arm gnu toolchain arm-none-eabi/12.2 rel1/bin/../lib/gcc/arm-none-eabi/12.2.1/thumb/v7e-m+fp/hard\libgcc.a(_arm_fixunsdfsi.o)

.debug_frame    0x00000000     0x2e54
 .debug_frame   0x00000000      0x814 C:\Users\Alex\AppData\Local\Temp\ccrbNKcL.o
 .debug_frame   0x00000814       0x20 C:\Users\Alex\AppData\Local\Temp\cc9Wzsw9.o
 .debug_frame   0x00000834      0x2e8 C:\Users\Alex\AppData\Local\Temp\ccpWqpqP.o
 .debug_frame   0x00000b1c      0x2c4 C:\Users\Alex\AppData\Local\Temp\cczKV0TS.o
 .debug_frame   0x00000de0      0x244 C:\Users\Alex\AppData\Local\Temp\ccgpvhsg.o
 .debug_frame   0x00001024      0x25c C:\Users\Alex\AppData\Local\Temp\ccRqwBQi.o
 .debug_frame   0x00001280      0x354 C:\Users\Alex\AppData\Local\Temp\ccLHOHxV.o
 .debug_frame   0x000015d4      0x31c C:\Users\Alex\AppData\Local\Temp\ccNUI94Y.o
 .debug_frame   0x000018f0      0x140 C:\Users\Alex\AppData\Local\Temp\cccJ0COh.o
 .debug_frame   0x00001a30      0x130 C:\Users\Alex\AppData\Local\Temp\ccsu7JF1.o
 .debug_frame   0x00001b60      0x110 C:\Users\Alex\AppData\Local\Temp\ccUfjjJm.o
 .debug_frame   0x00001c70       0x4c c:/program files (x86)/arm gnu toolchain arm-none-eabi/12.2 rel1/bin/../lib/gcc/arm-none-eabi/12.2.1/thumb/v7e-m+fp/hard\libm.a(libm_a-w_asin.o)
 .debug_frame   0x00001cbc       0x20 c:/program files (x86)/arm gnu toolchain arm-none-eabi/12.2 rel1/bin/../lib/gcc/arm-none-eabi/12.2.1/thumb/v7e-m+fp/hard\libm.a(libm_a-w_atan2.o)
 .debug_frame   0x00001cdc       0x44 c:/program files (x86)/arm gnu toolchain arm-none-eabi/12.2 rel1/bin/../lib/gcc/arm-none-eabi/12.2.1/thumb/v7e-m+fp/hard\libm.a(libm_a-w_pow.o)
 .debug_frame   0x00001d20       0x48 c:/program files (x86)/arm gnu toolchain arm-none-eabi/12.2 rel1/bin/../lib/gcc/arm-none-eabi/12.2.1/thumb/v7e-m+fp/hard\libm.a(libm_a-w_sqrt.o)
 .debug_frame   0x00001d68       0x40 c:/program files (x86)/arm gnu toolchain arm-none-eabi/12.2 rel1/bin/../lib/gcc/arm-none-eabi/12.2.1/thumb/v7e-m+fp/hard\libm.a(libm_a-s_cos.o)
 .debug_frame   0x00001da8       0x20 c:/program files (x86)/arm gnu toolchain arm-none-eabi/12.2 rel1/bin/../lib/gcc/arm-none-eabi/12.2.1/thumb/v7e-m+fp/hard\libm.a(libm_a-s_fabs.o)
 .debug_frame   0x00001dc8       0x3c c:/program files (x86)/arm gnu toolchain arm-none-eabi/12.2 rel1/bin/../lib/gcc/arm-none-eabi/12.2.1/thumb/v7e-m+fp/hard\libm.a(libm_a-s_sin.o)
 .debug_frame   0x00001e04       0x44 c:/program files (x86)/arm gnu toolchain arm-none-eabi/12.2 rel1/bin/../lib/gcc/arm-none-eabi/12.2.1/thumb/v7e-m+fp/hard\libm.a(libm_a-wf_sqrt.o)
 .debug_frame   0x00001e48       0x28 c:/program files (x86)/arm gnu toolchain arm-none-eabi/12.2 rel1/bin/../lib/gcc/arm-none-eabi/12.2.1/thumb/v7e-m+fp/hard\libm.a(libm_a-s_finite.o)
 .debug_frame   0x00001e70       0x20 c:/program files (x86)/arm gnu toolchain arm-none-eabi/12.2 rel1/bin/../lib/gcc/arm-none-eabi/12.2.1/thumb/v7e-m+fp/hard\libm.a(libm_a-s_nan.o)
 .debug_frame   0x00001e90       0x20 c:/program files (x86)/arm gnu toolchain arm-none-eabi/12.2 rel1/bin/../lib/gcc/arm-none-eabi/12.2.1/thumb/v7e-m+fp/hard\libm.a(libm_a-powl.o)
 .debug_frame   0x00001eb0       0x38 c:/program files (x86)/arm gnu toolchain arm-none-eabi/12.2 rel1/bin/../lib/gcc/arm-none-eabi/12.2.1/thumb/v7e-m+fp/hard\libm.a(libm_a-e_sqrt.o)
 .debug_frame   0x00001ee8       0x20 c:/program files (x86)/arm gnu toolchain arm-none-eabi/12.2 rel1/bin/../lib/gcc/arm-none-eabi/12.2.1/thumb/v7e-m+fp/hard\libm.a(libm_a-ef_sqrt.o)
 .debug_frame   0x00001f08       0x4c c:/program files (x86)/arm gnu toolchain arm-none-eabi/12.2 rel1/bin/../lib/gcc/arm-none-eabi/12.2.1/thumb/v7e-m+fp/hard\libm.a(libm_a-k_cos.o)
 .debug_frame   0x00001f54       0x48 c:/program files (x86)/arm gnu toolchain arm-none-eabi/12.2 rel1/bin/../lib/gcc/arm-none-eabi/12.2.1/thumb/v7e-m+fp/hard\libm.a(libm_a-k_sin.o)
 .debug_frame   0x00001f9c       0x50 c:/program files (x86)/arm gnu toolchain arm-none-eabi/12.2 rel1/bin/../lib/gcc/arm-none-eabi/12.2.1/thumb/v7e-m+fp/hard\libm.a(libm_a-e_asin.o)
 .debug_frame   0x00001fec       0x44 c:/program files (x86)/arm gnu toolchain arm-none-eabi/12.2 rel1/bin/../lib/gcc/arm-none-eabi/12.2.1/thumb/v7e-m+fp/hard\libm.a(libm_a-e_atan2.o)
 .debug_frame   0x00002030       0x7c c:/program files (x86)/arm gnu toolchain arm-none-eabi/12.2 rel1/bin/../lib/gcc/arm-none-eabi/12.2.1/thumb/v7e-m+fp/hard\libm.a(libm_a-e_pow.o)
 .debug_frame   0x000020ac       0x40 c:/program files (x86)/arm gnu toolchain arm-none-eabi/12.2 rel1/bin/../lib/gcc/arm-none-eabi/12.2.1/thumb/v7e-m+fp/hard\libm.a(libm_a-e_rem_pio2.o)
 .debug_frame   0x000020ec       0x38 c:/program files (x86)/arm gnu toolchain arm-none-eabi/12.2 rel1/bin/../lib/gcc/arm-none-eabi/12.2.1/thumb/v7e-m+fp/hard\libm.a(libm_a-s_atan.o)
 .debug_frame   0x00002124       0x2c c:/program files (x86)/arm gnu toolchain arm-none-eabi/12.2 rel1/bin/../lib/gcc/arm-none-eabi/12.2.1/thumb/v7e-m+fp/hard\libm.a(libm_a-s_scalbn.o)
 .debug_frame   0x00002150      0x14c c:/program files (x86)/arm gnu toolchain arm-none-eabi/12.2 rel1/bin/../lib/gcc/arm-none-eabi/12.2.1/thumb/v7e-m+fp/hard\libm.a(libm_a-math_err.o)
 .debug_frame   0x0000229c       0x58 c:/program files (x86)/arm gnu toolchain arm-none-eabi/12.2 rel1/bin/../lib/gcc/arm-none-eabi/12.2.1/thumb/v7e-m+fp/hard\libm.a(libm_a-k_rem_pio2.o)
 .debug_frame   0x000022f4       0x30 c:/program files (x86)/arm gnu toolchain arm-none-eabi/12.2 rel1/bin/../lib/gcc/arm-none-eabi/12.2.1/thumb/v7e-m+fp/hard\libm.a(libm_a-s_floor.o)
 .debug_frame   0x00002324       0x78 c:/program files (x86)/arm gnu toolchain arm-none-eabi/12.2 rel1/bin/../lib/gcc/arm-none-eabi/12.2.1/thumb/v7e-m+fp/hard\libc_nano.a(libc_a-qsort.o)
 .debug_frame   0x0000239c       0x6c c:/program files (x86)/arm gnu toolchain arm-none-eabi/12.2 rel1/bin/../lib/gcc/arm-none-eabi/12.2.1/thumb/v7e-m+fp/hard\libc_nano.a(libc_a-printf.o)
 .debug_frame   0x00002408       0x3c c:/program files (x86)/arm gnu toolchain arm-none-eabi/12.2 rel1/bin/../lib/gcc/arm-none-eabi/12.2.1/thumb/v7e-m+fp/hard\libc_nano.a(libc_a-puts.o)
 .debug_frame   0x00002444       0x40 c:/program files (x86)/arm gnu toolchain arm-none-eabi/12.2 rel1/bin/../lib/gcc/arm-none-eabi/12.2.1/thumb/v7e-m+fp/hard\libc_nano.a(libc_a-wbuf.o)
 .debug_frame   0x00002484       0x2c c:/program files (x86)/arm gnu toolchain arm-none-eabi/12.2 rel1/bin/../lib/gcc/arm-none-eabi/12.2.1/thumb/v7e-m+fp/hard\libc_nano.a(libc_a-wsetup.o)
 .debug_frame   0x000024b0       0x20 c:/program files (x86)/arm gnu toolchain arm-none-eabi/12.2 rel1/bin/../lib/gcc/arm-none-eabi/12.2.1/thumb/v7e-m+fp/hard\libc_nano.a(libc_a-errno.o)
 .debug_frame   0x000024d0       0xb0 c:/program files (x86)/arm gnu toolchain arm-none-eabi/12.2 rel1/bin/../lib/gcc/arm-none-eabi/12.2.1/thumb/v7e-m+fp/hard\libc_nano.a(libc_a-lock.o)
 .debug_frame   0x00002580       0x28 c:/program files (x86)/arm gnu toolchain arm-none-eabi/12.2 rel1/bin/../lib/gcc/arm-none-eabi/12.2.1/thumb/v7e-m+fp/hard\libc_nano.a(libc_a-memcpy-stub.o)
 .debug_frame   0x000025a8       0x38 c:/program files (x86)/arm gnu toolchain arm-none-eabi/12.2 rel1/bin/../lib/gcc/arm-none-eabi/12.2.1/thumb/v7e-m+fp/hard\libc_nano.a(libc_a-freer.o)
 .debug_frame   0x000025e0       0x4c c:/program files (x86)/arm gnu toolchain arm-none-eabi/12.2 rel1/bin/../lib/gcc/arm-none-eabi/12.2.1/thumb/v7e-m+fp/hard\libc_nano.a(libc_a-mallocr.o)
 .debug_frame   0x0000262c       0x30 c:/program files (x86)/arm gnu toolchain arm-none-eabi/12.2 rel1/bin/../lib/gcc/arm-none-eabi/12.2.1/thumb/v7e-m+fp/hard\libc_nano.a(libc_a-mlock.o)
 .debug_frame   0x0000265c       0xa8 c:/program files (x86)/arm gnu toolchain arm-none-eabi/12.2 rel1/bin/../lib/gcc/arm-none-eabi/12.2.1/thumb/v7e-m+fp/hard\libc_nano.a(libc_a-nano-vfprintf.o)
 .debug_frame   0x00002704       0x60 c:/program files (x86)/arm gnu toolchain arm-none-eabi/12.2 rel1/bin/../lib/gcc/arm-none-eabi/12.2.1/thumb/v7e-m+fp/hard\libc_nano.a(libc_a-nano-vfprintf_i.o)
 .debug_frame   0x00002764       0x5c c:/program files (x86)/arm gnu toolchain arm-none-eabi/12.2 rel1/bin/../lib/gcc/arm-none-eabi/12.2.1/thumb/v7e-m+fp/hard\libc_nano.a(libc_a-fflush.o)
 .debug_frame   0x000027c0      0x144 c:/program files (x86)/arm gnu toolchain arm-none-eabi/12.2 rel1/bin/../lib/gcc/arm-none-eabi/12.2.1/thumb/v7e-m+fp/hard\libc_nano.a(libc_a-findfp.o)
 .debug_frame   0x00002904       0x34 c:/program files (x86)/arm gnu toolchain arm-none-eabi/12.2 rel1/bin/../lib/gcc/arm-none-eabi/12.2.1/thumb/v7e-m+fp/hard\libc_nano.a(libc_a-fwalk.o)
 .debug_frame   0x00002938       0x58 c:/program files (x86)/arm gnu toolchain arm-none-eabi/12.2 rel1/bin/../lib/gcc/arm-none-eabi/12.2.1/thumb/v7e-m+fp/hard\libc_nano.a(libc_a-makebuf.o)
 .debug_frame   0x00002990       0x88 c:/program files (x86)/arm gnu toolchain arm-none-eabi/12.2 rel1/bin/../lib/gcc/arm-none-eabi/12.2.1/thumb/v7e-m+fp/hard\libc_nano.a(libc_a-stdio.o)
 .debug_frame   0x00002a18       0x20 c:/program files (x86)/arm gnu toolchain arm-none-eabi/12.2 rel1/bin/../lib/gcc/arm-none-eabi/12.2.1/thumb/v7e-m+fp/hard\libc_nano.a(libc_a-memset.o)
 .debug_frame   0x00002a38       0x2c c:/program files (x86)/arm gnu toolchain arm-none-eabi/12.2 rel1/bin/../lib/gcc/arm-none-eabi/12.2.1/thumb/v7e-m+fp/hard\libc_nano.a(libc_a-closer.o)
 .debug_frame   0x00002a64       0x38 c:/program files (x86)/arm gnu toolchain arm-none-eabi/12.2 rel1/bin/../lib/gcc/arm-none-eabi/12.2.1/thumb/v7e-m+fp/hard\libc_nano.a(libc_a-reent.o)
 .debug_frame   0x00002a9c       0x2c c:/program files (x86)/arm gnu toolchain arm-none-eabi/12.2 rel1/bin/../lib/gcc/arm-none-eabi/12.2.1/thumb/v7e-m+fp/hard\libc_nano.a(libc_a-fstatr.o)
 .debug_frame   0x00002ac8       0x2c c:/program files (x86)/arm gnu toolchain arm-none-eabi/12.2 rel1/bin/../lib/gcc/arm-none-eabi/12.2.1/thumb/v7e-m+fp/hard\libc_nano.a(libc_a-isattyr.o)
 .debug_frame   0x00002af4       0x2c c:/program files (x86)/arm gnu toolchain arm-none-eabi/12.2 rel1/bin/../lib/gcc/arm-none-eabi/12.2.1/thumb/v7e-m+fp/hard\libc_nano.a(libc_a-lseekr.o)
 .debug_frame   0x00002b20       0x2c c:/program files (x86)/arm gnu toolchain arm-none-eabi/12.2 rel1/bin/../lib/gcc/arm-none-eabi/12.2.1/thumb/v7e-m+fp/hard\libc_nano.a(libc_a-readr.o)
 .debug_frame   0x00002b4c       0x2c c:/program files (x86)/arm gnu toolchain arm-none-eabi/12.2 rel1/bin/../lib/gcc/arm-none-eabi/12.2.1/thumb/v7e-m+fp/hard\libc_nano.a(libc_a-sbrkr.o)
 .debug_frame   0x00002b78       0x2c c:/program files (x86)/arm gnu toolchain arm-none-eabi/12.2 rel1/bin/../lib/gcc/arm-none-eabi/12.2.1/thumb/v7e-m+fp/hard\libc_nano.a(libc_a-writer.o)
 .debug_frame   0x00002ba4       0xac c:/program files (x86)/arm gnu toolchain arm-none-eabi/12.2 rel1/bin/../lib/gcc/arm-none-eabi/12.2.1/thumb/v7e-m+fp/hard\libgcc.a(_arm_addsubdf3.o)
 .debug_frame   0x00002c50       0x50 c:/program files (x86)/arm gnu toolchain arm-none-eabi/12.2 rel1/bin/../lib/gcc/arm-none-eabi/12.2.1/thumb/v7e-m+fp/hard\libgcc.a(_arm_muldivdf3.o)
 .debug_frame   0x00002ca0       0xc4 c:/program files (x86)/arm gnu toolchain arm-none-eabi/12.2 rel1/bin/../lib/gcc/arm-none-eabi/12.2.1/thumb/v7e-m+fp/hard\libgcc.a(_arm_cmpdf2.o)
 .debug_frame   0x00002d64       0x20 c:/program files (x86)/arm gnu toolchain arm-none-eabi/12.2 rel1/bin/../lib/gcc/arm-none-eabi/12.2.1/thumb/v7e-m+fp/hard\libgcc.a(_arm_unorddf2.o)
 .debug_frame   0x00002d84       0x24 c:/program files (x86)/arm gnu toolchain arm-none-eabi/12.2 rel1/bin/../lib/gcc/arm-none-eabi/12.2.1/thumb/v7e-m+fp/hard\libgcc.a(_arm_fixdfsi.o)
 .debug_frame   0x00002da8       0x24 c:/program files (x86)/arm gnu toolchain arm-none-eabi/12.2 rel1/bin/../lib/gcc/arm-none-eabi/12.2.1/thumb/v7e-m+fp/hard\libgcc.a(_arm_truncdfsf2.o)
 .debug_frame   0x00002dcc       0x38 c:/program files (x86)/arm gnu toolchain arm-none-eabi/12.2 rel1/bin/../lib/gcc/arm-none-eabi/12.2.1/thumb/v7e-m+fp/hard\libgcc.a(_fixdfdi.o)
 .debug_frame   0x00002e04       0x2c c:/program files (x86)/arm gnu toolchain arm-none-eabi/12.2 rel1/bin/../lib/gcc/arm-none-eabi/12.2.1/thumb/v7e-m+fp/hard\libgcc.a(_fixunsdfdi.o)
 .debug_frame   0x00002e30       0x24 c:/program files (x86)/arm gnu toolchain arm-none-eabi/12.2 rel1/bin/../lib/gcc/arm-none-eabi/12.2.1/thumb/v7e-m+fp/hard\libgcc.a(_arm_fixunsdfsi.o)

.debug_line_str
                0x00000000      0x1af
 .debug_line_str
                0x00000000       0xe1 c:/program files (x86)/arm gnu toolchain arm-none-eabi/12.2 rel1/bin/../lib/gcc/arm-none-eabi/12.2.1/thumb/v7e-m+fp/hard\libc_nano.a(libc_a-memchr.o)
 .debug_line_str
                0x000000e1       0xce c:/program files (x86)/arm gnu toolchain arm-none-eabi/12.2 rel1/bin/../lib/gcc/arm-none-eabi/12.2.1/thumb/v7e-m+fp/hard\libgcc.a(_arm_addsubdf3.o)
 .debug_line_str