Archive member included to satisfy reference by file (symbol)

c:/program files (x86)/arm gnu toolchain arm-none-eabi/12.3 rel1/bin/../lib/gcc/arm-none-eabi/12.3.1/thumb/v7e-m+fp/hard\libc_nano.a(libc_a-printf.o)
                              C:\Users\lukem\AppData\Local\Temp\cczKzGBE.o (printf)
c:/program files (x86)/arm gnu toolchain arm-none-eabi/12.3 rel1/bin/../lib/gcc/arm-none-eabi/12.3.1/thumb/v7e-m+fp/hard\libc_nano.a(libc_a-putchar.o)
                              C:\Users\lukem\AppData\Local\Temp\cczKzGBE.o (putchar)
c:/program files (x86)/arm gnu toolchain arm-none-eabi/12.3 rel1/bin/../lib/gcc/arm-none-eabi/12.3.1/thumb/v7e-m+fp/hard\libc_nano.a(libc_a-puts.o)
                              C:\Users\lukem\AppData\Local\Temp\cczKzGBE.o (puts)
c:/program files (x86)/arm gnu toolchain arm-none-eabi/12.3 rel1/bin/../lib/gcc/arm-none-eabi/12.3.1/thumb/v7e-m+fp/hard\libc_nano.a(libc_a-wbuf.o)
                              c:/program files (x86)/arm gnu toolchain arm-none-eabi/12.3 rel1/bin/../lib/gcc/arm-none-eabi/12.3.1/thumb/v7e-m+fp/hard\libc_nano.a(libc_a-puts.o) (__swbuf_r)
c:/program files (x86)/arm gnu toolchain arm-none-eabi/12.3 rel1/bin/../lib/gcc/arm-none-eabi/12.3.1/thumb/v7e-m+fp/hard\libc_nano.a(libc_a-wsetup.o)
                              c:/program files (x86)/arm gnu toolchain arm-none-eabi/12.3 rel1/bin/../lib/gcc/arm-none-eabi/12.3.1/thumb/v7e-m+fp/hard\libc_nano.a(libc_a-puts.o) (__swsetup_r)
c:/program files (x86)/arm gnu toolchain arm-none-eabi/12.3 rel1/bin/../lib/gcc/arm-none-eabi/12.3.1/thumb/v7e-m+fp/hard\libc_nano.a(libc_a-memset.o)
                              C:\Users\lukem\AppData\Local\Temp\cczKzGBE.o (memset)
c:/program files (x86)/arm gnu toolchain arm-none-eabi/12.3 rel1/bin/../lib/gcc/arm-none-eabi/12.3.1/thumb/v7e-m+fp/hard\libc_nano.a(libc_a-impure.o)
                              c:/program files (x86)/arm gnu toolchain arm-none-eabi/12.3 rel1/bin/../lib/gcc/arm-none-eabi/12.3.1/thumb/v7e-m+fp/hard\libc_nano.a(libc_a-printf.o) (_impure_ptr)
c:/program files (x86)/arm gnu toolchain arm-none-eabi/12.3 rel1/bin/../lib/gcc/arm-none-eabi/12.3.1/thumb/v7e-m+fp/hard\libc_nano.a(libc_a-lock.o)
                              c:/program files (x86)/arm gnu toolchain arm-none-eabi/12.3 rel1/bin/../lib/gcc/arm-none-eabi/12.3.1/thumb/v7e-m+fp/hard\libc_nano.a(libc_a-puts.o) (__retarget_lock_acquire_recursive)
c:/program files (x86)/arm gnu toolchain arm-none-eabi/12.3 rel1/bin/../lib/gcc/arm-none-eabi/12.3.1/thumb/v7e-m+fp/hard\libc_nano.a(libc_a-memcpy-stub.o)
                              C:\Users\lukem\AppData\Local\Temp\cczKzGBE.o (memcpy)
c:/program files (x86)/arm gnu toolchain arm-none-eabi/12.3 rel1/bin/../lib/gcc/arm-none-eabi/12.3.1/thumb/v7e-m+fp/hard\libc_nano.a(libc_a-freer.o)
                              c:/program files (x86)/arm gnu toolchain arm-none-eabi/12.3 rel1/bin/../lib/gcc/arm-none-eabi/12.3.1/thumb/v7e-m+fp/hard\libc_nano.a(libc_a-wsetup.o) (_free_r)
c:/program files (x86)/arm gnu toolchain arm-none-eabi/12.3 rel1/bin/../lib/gcc/arm-none-eabi/12.3.1/thumb/v7e-m+fp/hard\libc_nano.a(libc_a-mallocr.o)
                              c:/program files (x86)/arm gnu toolchain arm-none-eabi/12.3 rel1/bin/../lib/gcc/arm-none-eabi/12.3.1/thumb/v7e-m+fp/hard\libc_nano.a(libc_a-freer.o) (__malloc_free_list)
c:/program files (x86)/arm gnu toolchain arm-none-eabi/12.3 rel1/bin/../lib/gcc/arm-none-eabi/12.3.1/thumb/v7e-m+fp/hard\libc_nano.a(libc_a-mlock.o)
                              c:/program files (x86)/arm gnu toolchain arm-none-eabi/12.3 rel1/bin/../lib/gcc/arm-none-eabi/12.3.1/thumb/v7e-m+fp/hard\libc_nano.a(libc_a-freer.o) (__malloc_lock)
c:/program files (x86)/arm gnu toolchain arm-none-eabi/12.3 rel1/bin/../lib/gcc/arm-none-eabi/12.3.1/thumb/v7e-m+fp/hard\libc_nano.a(libc_a-nano-vfprintf.o)
                              c:/program files (x86)/arm gnu toolchain arm-none-eabi/12.3 rel1/bin/../lib/gcc/arm-none-eabi/12.3.1/thumb/v7e-m+fp/hard\libc_nano.a(libc_a-printf.o) (_vfprintf_r)
c:/program files (x86)/arm gnu toolchain arm-none-eabi/12.3 rel1/bin/../lib/gcc/arm-none-eabi/12.3.1/thumb/v7e-m+fp/hard\libc_nano.a(libc_a-nano-vfprintf_i.o)
                              c:/program files (x86)/arm gnu toolchain arm-none-eabi/12.3 rel1/bin/../lib/gcc/arm-none-eabi/12.3.1/thumb/v7e-m+fp/hard\libc_nano.a(libc_a-nano-vfprintf.o) (_printf_i)
c:/program files (x86)/arm gnu toolchain arm-none-eabi/12.3 rel1/bin/../lib/gcc/arm-none-eabi/12.3.1/thumb/v7e-m+fp/hard\libc_nano.a(libc_a-fflush.o)
                              c:/program files (x86)/arm gnu toolchain arm-none-eabi/12.3 rel1/bin/../lib/gcc/arm-none-eabi/12.3.1/thumb/v7e-m+fp/hard\libc_nano.a(libc_a-wbuf.o) (_fflush_r)
c:/program files (x86)/arm gnu toolchain arm-none-eabi/12.3 rel1/bin/../lib/gcc/arm-none-eabi/12.3.1/thumb/v7e-m+fp/hard\libc_nano.a(libc_a-findfp.o)
[...]
Memory Configuration

Name             Origin             Length             Attributes
flash            0x08000000         0x00200000         xr
sram             0x20000000         0x00030000         xrw
*default*        0x00000000         0xffffffff

Linker script and memory map

LOAD C:\Users\lukem\AppData\Local\Temp\cczKzGBE.o
LOAD C:\Users\lukem\AppData\Local\Temp\ccY5OBPp.o
LOAD C:\Users\lukem\AppData\Local\Temp\ccczFqIz.o
LOAD C:\Users\lukem\AppData\Local\Temp\ccEzD04z.o
LOAD C:\Users\lukem\AppData\Local\Temp\ccXscW8r.o
LOAD C:\Users\lukem\AppData\Local\Temp\ccnXsngb.o
LOAD C:\Users\lukem\AppData\Local\Temp\ccC9MHfH.o
LOAD C:\Users\lukem\AppData\Local\Temp\ccMilbU3.o
LOAD C:\Users\lukem\AppData\Local\Temp\ccP5RkQ5.o
LOAD c:/program files (x86)/arm gnu toolchain arm-none-eabi/12.3 rel1/bin/../lib/gcc/arm-none-eabi/12.3.1/thumb/v7e-m+fp/hard\libc_nano.a
LOAD c:/program files (x86)/arm gnu toolchain arm-none-eabi/12.3 rel1/bin/../lib/gcc/arm-none-eabi/12.3.1/thumb/v7e-m+fp/hard\libgcc.a
                0x20030000                        _estack = (ORIGIN (sram) + LENGTH (sram))

.vectors        0x08000000      0x1bc
 *(.vectors)
 .vectors       0x08000000      0x1bc C:\Users\lukem\AppData\Local\Temp\ccY5OBPp.o
                0x08000000                tab

.text           0x080001c0     0x1a80
 *(.text*)
 .text.delay_ms
                0x080001c0       0x14 C:\Users\lukem\AppData\Local\Temp\cczKzGBE.o
 .text.gpio_set_mode
                0x080001d4       0x38 C:\Users\lukem\AppData\Local\Temp\cczKzGBE.o
 .text.gpio_set_af
                0x0800020c       0x2e C:\Users\lukem\AppData\Local\Temp\cczKzGBE.o
 *fill*         0x0800023a        0x2 
 .text.SysTick_Handler
                0x0800023c       0x10 C:\Users\lukem\AppData\Local\Temp\cczKzGBE.o
                0x0800023c                SysTick_Handler
 .text.startup.main
                0x0800024c      0x160 C:\Users\lukem\AppData\Local\Temp\cczKzGBE.o
                0x0800024c                main
 .text._reset   0x080003ac       0x50 C:\Users\lukem\AppData\Local\Temp\ccY5OBPp.o
                0x080003ac                _reset
 .text._fstat   0x080003fc       0x12 C:\Users\lukem\AppData\Local\Temp\ccczFqIz.o
                0x080003fc                _fstat
 *fill*         0x0800040e        0x2 
 .text._sbrk    0x08000410       0x1c C:\Users\lukem\AppData\Local\Temp\ccczFqIz.o
                0x08000410                _sbrk
 .text._close   0x0800042c        0x6 C:\Users\lukem\AppData\Local\Temp\ccczFqIz.o
                0x0800042c                _close
 .text._isatty  0x08000432        0x4 C:\Users\lukem\AppData\Local\Temp\ccczFqIz.o
                0x08000432                _isatty
 .text._lseek   0x08000436        0x4 C:\Users\lukem\AppData\Local\Temp\ccczFqIz.o
                0x08000436                _lseek
 .text._read    0x0800043a        0x6 C:\Users\lukem\AppData\Local\Temp\ccczFqIz.o
                0x0800043a                _read
 .text._write   0x08000440       0x34 C:\Users\lukem\AppData\Local\Temp\ccczFqIz.o
                0x08000440                _write
 .text.gpio_set_mode
                0x08000474       0x34 C:\Users\lukem\AppData\Local\Temp\ccEzD04z.o
 .text.gpio_set_af
                0x080004a8       0x2e C:\Users\lukem\AppData\Local\Temp\ccEzD04z.o
 *fill*         0x080004d6        0x2 
 .text.spi_init
                0x080004d8       0xe4 C:\Users\lukem\AppData\Local\Temp\ccEzD04z.o
 .text.STM32_init_clock
                0x080005bc       0x78 C:\Users\lukem\AppData\Local\Temp\ccEzD04z.o
                0x080005bc                STM32_init_clock
 .text.init_delay_timer
                0x08000634       0x2c C:\Users\lukem\AppData\Local\Temp\ccEzD04z.o
                0x08000634                init_delay_timer
 .text.STM32_init_internals
                0x08000660       0x88 C:\Users\lukem\AppData\Local\Temp\ccEzD04z.o
                0x08000660                STM32_init_internals
 .text.STM32_init_peripherals
                0x080006e8       0xa8 C:\Users\lukem\AppData\Local\Temp\ccEzD04z.o
                0x080006e8                STM32_init_peripherals
 .text.STM32_init
                0x08000790       0x5c C:\Users\lukem\AppData\Local\Temp\ccEzD04z.o
                0x08000790                STM32_init
 .text.STM32_led_on
                0x080007ec       0x10 C:\Users\lukem\AppData\Local\Temp\ccEzD04z.o
                0x080007ec                STM32_led_on
 .text.STM32_led_off
                0x080007fc       0x10 C:\Users\lukem\AppData\Local\Temp\ccEzD04z.o
                0x080007fc                STM32_led_off
 .text.STM32_beep_buzzer
                0x0800080c       0x50 C:\Users\lukem\AppData\Local\Temp\ccEzD04z.o
                0x0800080c                STM32_beep_buzzer
 .text.STM32_indicate_on_buzzer
                0x0800085c        0xa C:\Users\lukem\AppData\Local\Temp\ccEzD04z.o
                0x0800085c                STM32_indicate_on_buzzer
 .text.delay_microseconds
                0x08000866       0x10 C:\Users\lukem\AppData\Local\Temp\ccMilbU3.o
 *fill*         0x08000876        0x2 
 .text.delay_ms
                0x08000878       0x14 C:\Users\lukem\AppData\Local\Temp\ccMilbU3.o
 .text.unset_cs
                0x0800088c       0x3c C:\Users\lukem\AppData\Local\Temp\ccMilbU3.o
 .text.set_cs.constprop.0
                0x080008c8       0x18 C:\Users\lukem\AppData\Local\Temp\ccMilbU3.o
 .text.spi_ready_write.isra.0
                0x080008e0        0x8 C:\Users\lukem\AppData\Local\Temp\ccMilbU3.o
 .text.spi_transmit_receive.constprop.0.isra.0
                0x080008e8       0x48 C:\Users\lukem\AppData\Local\Temp\ccMilbU3.o
 .text.lsm6ds6WriteRegister
                0x08000930       0x48 C:\Users\lukem\AppData\Local\Temp\ccMilbU3.o
 .text.lsm6ds6WriteRegisterBits
                0x08000978       0x66 C:\Users\lukem\AppData\Local\Temp\ccMilbU3.o
 .text.lsm6ds6Config
                0x080009de       0x70 C:\Users\lukem\AppData\Local\Temp\ccMilbU3.o
                0x080009de                lsm6ds6Config
 *fill*         0x08000a4e        0x2 
 .text.lsm6ds6GyroRead
                0x08000a50       0x78 C:\Users\lukem\AppData\Local\Temp\ccMilbU3.o
                0x08000a50                lsm6ds6GyroRead
 .text.lsm6ds6GyroReadAngle
                0x08000ac8       0x50 C:\Users\lukem\AppData\Local\Temp\ccMilbU3.o
                0x08000ac8                lsm6ds6GyroReadAngle
 .text.lsm6ds6GyroOffsets
                0x08000b18       0xa4 C:\Users\lukem\AppData\Local\Temp\ccMilbU3.o
                0x08000b18                lsm6ds6GyroOffsets
 .text.lsm6ds6_init
                0x08000bbc       0x88 C:\Users\lukem\AppData\Local\Temp\ccMilbU3.o
                0x08000bbc                lsm6ds6_init
 .text.delay_ms
                0x08000c44       0x14 C:\Users\lukem\AppData\Local\Temp\ccP5RkQ5.o
 .text.run_test_routine_LSM6DS3
                0x08000c58       0x44 C:\Users\lukem\AppData\Local\Temp\ccP5RkQ5.o
                0x08000c58                run_test_routine_LSM6DS3
 .text.printf   0x08000c9c       0x24 c:/program files (x86)/arm gnu toolchain arm-none-eabi/12.3 rel1/bin/../lib/gcc/arm-none-eabi/12.3.1/thumb/v7e-m+fp/hard\libc_nano.a(libc_a-printf.o)
                0x08000c9c                iprintf
                0x08000c9c                printf
 .text._puts_r  0x08000cc0       0xaa c:/program files (x86)/arm gnu toolchain arm-none-eabi/12.3 rel1/bin/../lib/gcc/arm-none-eabi/12.3.1/thumb/v7e-m+fp/hard\libc_nano.a(libc_a-puts.o)
                0x08000cc0                _puts_r
 *fill*         0x08000d6a        0x2 
 .text.puts     0x08000d6c       0x10 c:/program files (x86)/arm gnu toolchain arm-none-eabi/12.3 rel1/bin/../lib/gcc/arm-none-eabi/12.3.1/thumb/v7e-m+fp/hard\libc_nano.a(libc_a-puts.o)
                0x08000d6c                puts
 .text.__swbuf_r
                0x08000d7c       0x7c c:/program files (x86)/arm gnu toolchain arm-none-eabi/12.3 rel1/bin/../lib/gcc/arm-none-eabi/12.3.1/thumb/v7e-m+fp/hard\libc_nano.a(libc_a-wbuf.o)
                0x08000d7c                __swbuf_r
 .text.__swsetup_r
                0x08000df8       0xac c:/program files (x86)/arm gnu toolchain arm-none-eabi/12.3 rel1/bin/../lib/gcc/arm-none-eabi/12.3.1/thumb/v7e-m+fp/hard\libc_nano.a(libc_a-wsetup.o)
                0x08000df8                __swsetup_r
 .text.memset   0x08000ea4       0x10 c:/program files (x86)/arm gnu toolchain arm-none-eabi/12.3 rel1/bin/../lib/gcc/arm-none-eabi/12.3.1/thumb/v7e-m+fp/hard\libc_nano.a(libc_a-memset.o)
                0x08000ea4                memset
 .text.__retarget_lock_init_recursive
                0x08000eb4        0x2 c:/program files (x86)/arm gnu toolchain arm-none-eabi/12.3 rel1/bin/../lib/gcc/arm-none-eabi/12.3.1/thumb/v7e-m+fp/hard\libc_nano.a(libc_a-lock.o)
                0x08000eb4                __retarget_lock_init_recursive
 .text.__retarget_lock_acquire_recursive
                0x08000eb6        0x2 c:/program files (x86)/arm gnu toolchain arm-none-eabi/12.3 rel1/bin/../lib/gcc/arm-none-eabi/12.3.1/thumb/v7e-m+fp/hard\libc_nano.a(libc_a-lock.o)
                0x08000eb6                __retarget_lock_acquire_recursive
 .text.__retarget_lock_release_recursive
                0x08000eb8        0x2 c:/program files (x86)/arm gnu toolchain arm-none-eabi/12.3 rel1/bin/../lib/gcc/arm-none-eabi/12.3.1/thumb/v7e-m+fp/hard\libc_nano.a(libc_a-lock.o)
                0x08000eb8                __retarget_lock_release_recursive
 .text.memcpy   0x08000eba       0x1c c:/program files (x86)/arm gnu toolchain arm-none-eabi/12.3 rel1/bin/../lib/gcc/arm-none-eabi/12.3.1/thumb/v7e-m+fp/hard\libc_nano.a(libc_a-memcpy-stub.o)
                0x08000eba                memcpy
 *fill*         0x08000ed6        0x2 
 .text._free_r  0x08000ed8       0x94 c:/program files (x86)/arm gnu toolchain arm-none-eabi/12.3 rel1/bin/../lib/gcc/arm-none-eabi/12.3.1/thumb/v7e-m+fp/hard\libc_nano.a(libc_a-freer.o)
                0x08000ed8                _free_r
 .text.sbrk_aligned
                0x08000f6c       0x44 c:/program files (x86)/arm gnu toolchain arm-none-eabi/12.3 rel1/bin/../lib/gcc/arm-none-eabi/12.3.1/thumb/v7e-m+fp/hard\libc_nano.a(libc_a-mallocr.o)
 .text._malloc_r
                0x08000fb0      0x100 c:/program files (x86)/arm gnu toolchain arm-none-eabi/12.3 rel1/bin/../lib/gcc/arm-none-eabi/12.3.1/thumb/v7e-m+fp/hard\libc_nano.a(libc_a-mallocr.o)
                0x08000fb0                _malloc_r
 .text.__malloc_lock
                0x080010b0        0xc c:/program files (x86)/arm gnu toolchain arm-none-eabi/12.3 rel1/bin/../lib/gcc/arm-none-eabi/12.3.1/thumb/v7e-m+fp/hard\libc_nano.a(libc_a-mlock.o)
                0x080010b0                __malloc_lock
 .text.__malloc_unlock
                0x080010bc        0xc c:/program files (x86)/arm gnu toolchain arm-none-eabi/12.3 rel1/bin/../lib/gcc/arm-none-eabi/12.3.1/thumb/v7e-m+fp/hard\libc_nano.a(libc_a-mlock.o)
                0x080010bc                __malloc_unlock
 .text.__sfputc_r
                0x080010c8       0x2e c:/program files (x86)/arm gnu toolchain arm-none-eabi/12.3 rel1/bin/../lib/gcc/arm-none-eabi/12.3.1/thumb/v7e-m+fp/hard\libc_nano.a(libc_a-nano-vfprintf.o)
 .text.__sfputs_r
                0x080010f6       0x24 c:/program files (x86)/arm gnu toolchain arm-none-eabi/12.3 rel1/bin/../lib/gcc/arm-none-eabi/12.3.1/thumb/v7e-m+fp/hard\libc_nano.a(libc_a-nano-vfprintf.o)
                0x080010f6                __sfputs_r
 *fill*         0x0800111a        0x2 
 .text._vfprintf_r
                0x0800111c      0x230 c:/program files (x86)/arm gnu toolchain arm-none-eabi/12.3 rel1/bin/../lib/gcc/arm-none-eabi/12.3.1/thumb/v7e-m+fp/hard\libc_nano.a(libc_a-nano-vfprintf.o)
                0x0800111c                _vfprintf_r
                0x0800111c                _vfiprintf_r
 .text._printf_common
                0x0800134c       0xda c:/program files (x86)/arm gnu toolchain arm-none-eabi/12.3 rel1/bin/../lib/gcc/arm-none-eabi/12.3.1/thumb/v7e-m+fp/hard\libc_nano.a(libc_a-nano-vfprintf_i.o)
                0x0800134c                _printf_common
 *fill*         0x08001426        0x2 
 .text._printf_i
                0x08001428      0x258 c:/program files (x86)/arm gnu toolchain arm-none-eabi/12.3 rel1/bin/../lib/gcc/arm-none-eabi/12.3.1/thumb/v7e-m+fp/hard\libc_nano.a(libc_a-nano-vfprintf_i.o)
                0x08001428                _printf_i
 .text.__sflush_r
                0x08001680      0x108 c:/program files (x86)/arm gnu toolchain arm-none-eabi/12.3 rel1/bin/../lib/gcc/arm-none-eabi/12.3.1/thumb/v7e-m+fp/hard\libc_nano.a(libc_a-fflush.o)
                0x08001680                __sflush_r
 .text._fflush_r
                0x08001788       0x50 c:/program files (x86)/arm gnu toolchain arm-none-eabi/12.3 rel1/bin/../lib/gcc/arm-none-eabi/12.3.1/thumb/v7e-m+fp/hard\libc_nano.a(libc_a-fflush.o)
                0x08001788                _fflush_r
 .text.std      0x080017d8       0x6c c:/program files (x86)/arm gnu toolchain arm-none-eabi/12.3 rel1/bin/../lib/gcc/arm-none-eabi/12.3.1/thumb/v7e-m+fp/hard\libc_nano.a(libc_a-findfp.o)
 .text.stdio_exit_handler
                0x08001844       0x18 c:/program files (x86)/arm gnu toolchain arm-none-eabi/12.3 rel1/bin/../lib/gcc/arm-none-eabi/12.3.1/thumb/v7e-m+fp/hard\libc_nano.a(libc_a-findfp.o)
 .text.cleanup_stdio
                0x0800185c       0x40 c:/program files (x86)/arm gnu toolchain arm-none-eabi/12.3 rel1/bin/../lib/gcc/arm-none-eabi/12.3.1/thumb/v7e-m+fp/hard\libc_nano.a(libc_a-findfp.o)
 .text.global_stdio_init.part.0
                0x0800189c       0x3c c:/program files (x86)/arm gnu toolchain arm-none-eabi/12.3 rel1/bin/../lib/gcc/arm-none-eabi/12.3.1/thumb/v7e-m+fp/hard\libc_nano.a(libc_a-findfp.o)
 .text.__sfp_lock_acquire
                0x080018d8        0xc c:/program files (x86)/arm gnu toolchain arm-none-eabi/12.3 rel1/bin/../lib/gcc/arm-none-eabi/12.3.1/thumb/v7e-m+fp/hard\libc_nano.a(libc_a-findfp.o)
                0x080018d8                __sfp_lock_acquire
 .text.__sfp_lock_release
                0x080018e4        0xc c:/program files (x86)/arm gnu toolchain arm-none-eabi/12.3 rel1/bin/../lib/gcc/arm-none-eabi/12.3.1/thumb/v7e-m+fp/hard\libc_nano.a(libc_a-findfp.o)
                0x080018e4                __sfp_lock_release
 .text.__sinit  0x080018f0       0x30 c:/program files (x86)/arm gnu toolchain arm-none-eabi/12.3 rel1/bin/../lib/gcc/arm-none-eabi/12.3.1/thumb/v7e-m+fp/hard\libc_nano.a(libc_a-findfp.o)
                0x080018f0                __sinit
 .text._fwalk_sglue
                0x08001920       0x3c c:/program files (x86)/arm gnu toolchain arm-none-eabi/12.3 rel1/bin/../lib/gcc/arm-none-eabi/12.3.1/thumb/v7e-m+fp/hard\libc_nano.a(libc_a-fwalk.o)
                0x08001920                _fwalk_sglue
 .text.__swhatbuf_r
                0x0800195c       0x4c c:/program files (x86)/arm gnu toolchain arm-none-eabi/12.3 rel1/bin/../lib/gcc/arm-none-eabi/12.3.1/thumb/v7e-m+fp/hard\libc_nano.a(libc_a-makebuf.o)
                0x0800195c                __swhatbuf_r
 .text.__smakebuf_r
                0x080019a8       0x78 c:/program files (x86)/arm gnu toolchain arm-none-eabi/12.3 rel1/bin/../lib/gcc/arm-none-eabi/12.3.1/thumb/v7e-m+fp/hard\libc_nano.a(libc_a-makebuf.o)
                0x080019a8                __smakebuf_r
 .text.__sread  0x08001a20       0x22 c:/program files (x86)/arm gnu toolchain arm-none-eabi/12.3 rel1/bin/../lib/gcc/arm-none-eabi/12.3.1/thumb/v7e-m+fp/hard\libc_nano.a(libc_a-stdio.o)
                0x08001a20                __sread
 .text.__swrite
                0x08001a42       0x38 c:/program files (x86)/arm gnu toolchain arm-none-eabi/12.3 rel1/bin/../lib/gcc/arm-none-eabi/12.3.1/thumb/v7e-m+fp/hard\libc_nano.a(libc_a-stdio.o)
                0x08001a42                __swrite
 .text.__sseek  0x08001a7a       0x24 c:/program files (x86)/arm gnu toolchain arm-none-eabi/12.3 rel1/bin/../lib/gcc/arm-none-eabi/12.3.1/thumb/v7e-m+fp/hard\libc_nano.a(libc_a-stdio.o)
                0x08001a7a                __sseek
 .text.__sclose
                0x08001a9e        0x8 c:/program files (x86)/arm gnu toolchain arm-none-eabi/12.3 rel1/bin/../lib/gcc/arm-none-eabi/12.3.1/thumb/v7e-m+fp/hard\libc_nano.a(libc_a-stdio.o)
                0x08001a9e                __sclose
 *fill*         0x08001aa6        0x2 
 .text._close_r
                0x08001aa8       0x20 c:/program files (x86)/arm gnu toolchain arm-none-eabi/12.3 rel1/bin/../lib/gcc/arm-none-eabi/12.3.1/thumb/v7e-m+fp/hard\libc_nano.a(libc_a-closer.o)
                0x08001aa8                _close_r
 .text._fstat_r
                0x08001ac8       0x24 c:/program files (x86)/arm gnu toolchain arm-none-eabi/12.3 rel1/bin/../lib/gcc/arm-none-eabi/12.3.1/thumb/v7e-m+fp/hard\libc_nano.a(libc_a-fstatr.o)
                0x08001ac8                _fstat_r
 .text._isatty_r
                0x08001aec       0x20 c:/program files (x86)/arm gnu toolchain arm-none-eabi/12.3 rel1/bin/../lib/gcc/arm-none-eabi/12.3.1/thumb/v7e-m+fp/hard\libc_nano.a(libc_a-isattyr.o)
                0x08001aec                _isatty_r
 .text._lseek_r
                0x08001b0c       0x24 c:/program files (x86)/arm gnu toolchain arm-none-eabi/12.3 rel1/bin/../lib/gcc/arm-none-eabi/12.3.1/thumb/v7e-m+fp/hard\libc_nano.a(libc_a-lseekr.o)
                0x08001b0c                _lseek_r
 .text._read_r  0x08001b30       0x24 c:/program files (x86)/arm gnu toolchain arm-none-eabi/12.3 rel1/bin/../lib/gcc/arm-none-eabi/12.3.1/thumb/v7e-m+fp/hard\libc_nano.a(libc_a-readr.o)
                0x08001b30                _read_r
 .text._sbrk_r  0x08001b54       0x20 c:/program files (x86)/arm gnu toolchain arm-none-eabi/12.3 rel1/bin/../lib/gcc/arm-none-eabi/12.3.1/thumb/v7e-m+fp/hard\libc_nano.a(libc_a-sbrkr.o)
                0x08001b54                _sbrk_r
 .text._write_r
                0x08001b74       0x24 c:/program files (x86)/arm gnu toolchain arm-none-eabi/12.3 rel1/bin/../lib/gcc/arm-none-eabi/12.3.1/thumb/v7e-m+fp/hard\libc_nano.a(libc_a-writer.o)
                0x08001b74                _write_r
 *fill*         0x08001b98        0x8 
 .text          0x08001ba0       0xa0 c:/program files (x86)/arm gnu toolchain arm-none-eabi/12.3 rel1/bin/../lib/gcc/arm-none-eabi/12.3.1/thumb/v7e-m+fp/hard\libc_nano.a(libc_a-memchr.o)
                0x08001ba0                memchr

.glue_7         0x08001c40        0x0
 .glue_7        0x08001c40        0x0 linker stubs

.glue_7t        0x08001c40        0x0
 .glue_7t       0x08001c40        0x0 linker stubs

.vfp11_veneer   0x08001c40        0x0
 .vfp11_veneer  0x08001c40        0x0 linker stubs

.v4_bx          0x08001c40        0x0
 .v4_bx         0x08001c40        0x0 linker stubs

.iplt           0x08001c40        0x0
 .iplt          0x08001c40        0x0 C:\Users\lukem\AppData\Local\Temp\cczKzGBE.o

.rodata         0x08001c40       0xf0
 *(.rodata*)
 .rodata.main.str1.1
                0x08001c40       0x37 C:\Users\lukem\AppData\Local\Temp\cczKzGBE.o
 .rodata.lsm6ds6GyroRead.str1.1
                0x08001c77       0x1e C:\Users\lukem\AppData\Local\Temp\ccMilbU3.o
 .rodata.lsm6ds6GyroOffsets.str1.1
                0x08001c95       0x35 C:\Users\lukem\AppData\Local\Temp\ccMilbU3.o
 .rodata.lsm6ds6_init.str1.1
                0x08001cca       0x33 C:\Users\lukem\AppData\Local\Temp\ccMilbU3.o
 .rodata._vfprintf_r.str1.1
                0x08001cfd       0x11 c:/program files (x86)/arm gnu toolchain arm-none-eabi/12.3 rel1/bin/../lib/gcc/arm-none-eabi/12.3.1/thumb/v7e-m+fp/hard\libc_nano.a(libc_a-nano-vfprintf.o)
 .rodata._printf_i.str1.1
                0x08001d0e       0x22 c:/program files (x86)/arm gnu toolchain arm-none-eabi/12.3 rel1/bin/../lib/gcc/arm-none-eabi/12.3.1/thumb/v7e-m+fp/hard\libc_nano.a(libc_a-nano-vfprintf_i.o)

.ARM.exidx      0x08001d30        0x8
 .ARM.exidx     0x08001d30        0x8 c:/program files (x86)/arm gnu toolchain arm-none-eabi/12.3 rel1/bin/../lib/gcc/arm-none-eabi/12.3.1/thumb/v7e-m+fp/hard\libc_nano.a(libc_a-memchr.o)

.rel.dyn        0x08001d38        0x0
 .rel.iplt      0x08001d38        0x0 C:\Users\lukem\AppData\Local\Temp\cczKzGBE.o

.data           0x20000000       0x60 load address 0x08001d38
                0x20000000                        _sdata = .
 *(.first_data)
 *(.data SORT_BY_NAME(.data.*))
 .data.FREQ     0x20000000        0x4 C:\Users\lukem\AppData\Local\Temp\ccEzD04z.o
                0x20000000                FREQ
 .data.__sglue  0x20000004        0xc c:/program files (x86)/arm gnu toolchain arm-none-eabi/12.3 rel1/bin/../lib/gcc/arm-none-eabi/12.3.1/thumb/v7e-m+fp/hard\libc_nano.a(libc_a-findfp.o)
                0x20000004                __sglue
 .data._impure_data
                0x20000010       0x4c c:/program files (x86)/arm gnu toolchain arm-none-eabi/12.3 rel1/bin/../lib/gcc/arm-none-eabi/12.3.1/thumb/v7e-m+fp/hard\libc_nano.a(libc_a-impure.o)
                0x20000010                _impure_data
 .data._impure_ptr
                0x2000005c        0x4 c:/program files (x86)/arm gnu toolchain arm-none-eabi/12.3 rel1/bin/../lib/gcc/arm-none-eabi/12.3.1/thumb/v7e-m+fp/hard\libc_nano.a(libc_a-impure.o)
                0x2000005c                _impure_ptr
                0x20000060                        _edata = .
                0x08001d38                        _sidata = LOADADDR (.data)

.igot.plt       0x20000060        0x0 load address 0x08001d98
 .igot.plt      0x20000060        0x0 C:\Users\lukem\AppData\Local\Temp\cczKzGBE.o

.bss            0x20000060      0x154 load address 0x08001d98
                0x20000060                        _sbss = .
 *(.bss SORT_BY_NAME(.bss.*) COMMON)
 .bss.__lock___malloc_recursive_mutex
                0x20000060        0x1 c:/program files (x86)/arm gnu toolchain arm-none-eabi/12.3 rel1/bin/../lib/gcc/arm-none-eabi/12.3.1/thumb/v7e-m+fp/hard\libc_nano.a(libc_a-lock.o)
                0x20000060                __lock___malloc_recursive_mutex
 .bss.__lock___sfp_recursive_mutex
                0x20000061        0x1 c:/program files (x86)/arm gnu toolchain arm-none-eabi/12.3 rel1/bin/../lib/gcc/arm-none-eabi/12.3.1/thumb/v7e-m+fp/hard\libc_nano.a(libc_a-lock.o)
                0x20000061                __lock___sfp_recursive_mutex
 *fill*         0x20000062        0x2 
 .bss.__malloc_free_list
                0x20000064        0x4 c:/program files (x86)/arm gnu toolchain arm-none-eabi/12.3 rel1/bin/../lib/gcc/arm-none-eabi/12.3.1/thumb/v7e-m+fp/hard\libc_nano.a(libc_a-mallocr.o)
                0x20000064                __malloc_free_list
 .bss.__malloc_sbrk_start
                0x20000068        0x4 c:/program files (x86)/arm gnu toolchain arm-none-eabi/12.3 rel1/bin/../lib/gcc/arm-none-eabi/12.3.1/thumb/v7e-m+fp/hard\libc_nano.a(libc_a-mallocr.o)
                0x20000068                __malloc_sbrk_start
 .bss.__sf      0x2000006c      0x138 c:/program files (x86)/arm gnu toolchain arm-none-eabi/12.3 rel1/bin/../lib/gcc/arm-none-eabi/12.3.1/thumb/v7e-m+fp/hard\libc_nano.a(libc_a-findfp.o)
                0x2000006c                __sf
 .bss.__stdio_exit_handler
                0x200001a4        0x4 c:/program files (x86)/arm gnu toolchain arm-none-eabi/12.3 rel1/bin/../lib/gcc/arm-none-eabi/12.3.1/thumb/v7e-m+fp/hard\libc_nano.a(libc_a-findfp.o)
                0x200001a4                __stdio_exit_handler
 .bss.errno     0x200001a8        0x4 c:/program files (x86)/arm gnu toolchain arm-none-eabi/12.3 rel1/bin/../lib/gcc/arm-none-eabi/12.3.1/thumb/v7e-m+fp/hard\libc_nano.a(libc_a-reent.o)
                0x200001a8                errno
 .bss.heap.0    0x200001ac        0x4 C:\Users\lukem\AppData\Local\Temp\ccczFqIz.o
 .bss.s_ticks   0x200001b0        0x4 C:\Users\lukem\AppData\Local\Temp\cczKzGBE.o
                0x200001b0                s_ticks
                0x200001b4                        _ebss = .
                0x200001b8                        . = ALIGN (0x8)
                0x200001b8                        _end = .
OUTPUT(firmware.elf elf32-littlearm)
LOAD linker stubs

.debug_info     0x00000000     0x728a
 .debug_info    0x00000000     0x331a C:\Users\lukem\AppData\Local\Temp\cczKzGBE.o
 .debug_info    0x0000331a      0x139 C:\Users\lukem\AppData\Local\Temp\ccY5OBPp.o
 .debug_info    0x00003453      0x7fb C:\Users\lukem\AppData\Local\Temp\ccczFqIz.o
 .debug_info    0x00003c4e     0x133e C:\Users\lukem\AppData\Local\Temp\ccEzD04z.o
 .debug_info    0x00004f8c     0x15c2 C:\Users\lukem\AppData\Local\Temp\ccMilbU3.o
 .debug_info    0x0000654e      0xd3c C:\Users\lukem\AppData\Local\Temp\ccP5RkQ5.o

.debug_abbrev   0x00000000     0x1512
 .debug_abbrev  0x00000000      0x6cc C:\Users\lukem\AppData\Local\Temp\cczKzGBE.o
 .debug_abbrev  0x000006cc       0xe8 C:\Users\lukem\AppData\Local\Temp\ccY5OBPp.o
 .debug_abbrev  0x000007b4      0x29e C:\Users\lukem\AppData\Local\Temp\ccczFqIz.o
 .debug_abbrev  0x00000a52      0x36c C:\Users\lukem\AppData\Local\Temp\ccEzD04z.o
 .debug_abbrev  0x00000dbe      0x468 C:\Users\lukem\AppData\Local\Temp\ccMilbU3.o
 .debug_abbrev  0x00001226      0x2ec C:\Users\lukem\AppData\Local\Temp\ccP5RkQ5.o

.debug_loclists
                0x00000000     0x3472
 .debug_loclists
                0x00000000     0x262e C:\Users\lukem\AppData\Local\Temp\cczKzGBE.o
 .debug_loclists
                0x0000262e      0x1cb C:\Users\lukem\AppData\Local\Temp\ccczFqIz.o
 .debug_loclists
                0x000027f9      0x464 C:\Users\lukem\AppData\Local\Temp\ccEzD04z.o
 .debug_loclists
                0x00002c5d      0x6e1 C:\Users\lukem\AppData\Local\Temp\ccMilbU3.o
 .debug_loclists
                0x0000333e      0x134 C:\Users\lukem\AppData\Local\Temp\ccP5RkQ5.o

.debug_aranges  0x00000000      0x2f0
 .debug_aranges
                0x00000000       0xd8 C:\Users\lukem\AppData\Local\Temp\cczKzGBE.o
 .debug_aranges
                0x000000d8       0x20 C:\Users\lukem\AppData\Local\Temp\ccY5OBPp.o
 .debug_aranges
                0x000000f8       0x90 C:\Users\lukem\AppData\Local\Temp\ccczFqIz.o
 .debug_aranges
                0x00000188       0x88 C:\Users\lukem\AppData\Local\Temp\ccEzD04z.o
 .debug_aranges
                0x00000210       0x88 C:\Users\lukem\AppData\Local\Temp\ccMilbU3.o
 .debug_aranges
                0x00000298       0x58 C:\Users\lukem\AppData\Local\Temp\ccP5RkQ5.o

.debug_rnglists
                0x00000000      0x610
 .debug_rnglists
                0x00000000      0x336 C:\Users\lukem\AppData\Local\Temp\cczKzGBE.o
 .debug_rnglists
                0x00000336       0x13 C:\Users\lukem\AppData\Local\Temp\ccY5OBPp.o
 .debug_rnglists
                0x00000349       0x7f C:\Users\lukem\AppData\Local\Temp\ccczFqIz.o
 .debug_rnglists
                0x000003c8       0xc7 C:\Users\lukem\AppData\Local\Temp\ccEzD04z.o
 .debug_rnglists
                0x0000048f       0xe4 C:\Users\lukem\AppData\Local\Temp\ccMilbU3.o
 .debug_rnglists
                0x00000573       0x9d C:\Users\lukem\AppData\Local\Temp\ccP5RkQ5.o

.debug_macro    0x00000000    0x2198b
 .debug_macro   0x00000000      0x307 C:\Users\lukem\AppData\Local\Temp\cczKzGBE.o
 .debug_macro   0x00000307      0xaa8 C:\Users\lukem\AppData\Local\Temp\cczKzGBE.o
 .debug_macro   0x00000daf       0x22 C:\Users\lukem\AppData\Local\Temp\cczKzGBE.o
 .debug_macro   0x00000dd1       0x5b C:\Users\lukem\AppData\Local\Temp\cczKzGBE.o
 .debug_macro   0x00000e2c       0x2a C:\Users\lukem\AppData\Local\Temp\cczKzGBE.o
 .debug_macro   0x00000e56       0x94 C:\Users\lukem\AppData\Local\Temp\cczKzGBE.o
 .debug_macro   0x00000eea       0x43 C:\Users\lukem\AppData\Local\Temp\cczKzGBE.o
 .debug_macro   0x00000f2d       0x34 C:\Users\lukem\AppData\Local\Temp\cczKzGBE.o
 .debug_macro   0x00000f61       0x16 C:\Users\lukem\AppData\Local\Temp\cczKzGBE.o
 .debug_macro   0x00000f77       0x57 C:\Users\lukem\AppData\Local\Temp\cczKzGBE.o
 .debug_macro   0x00000fce       0x9e C:\Users\lukem\AppData\Local\Temp\cczKzGBE.o
 .debug_macro   0x0000106c      0x369 C:\Users\lukem\AppData\Local\Temp\cczKzGBE.o
 .debug_macro   0x000013d5      0x10b C:\Users\lukem\AppData\Local\Temp\cczKzGBE.o
 .debug_macro   0x000014e0       0x10 C:\Users\lukem\AppData\Local\Temp\cczKzGBE.o
 .debug_macro   0x000014f0       0x16 C:\Users\lukem\AppData\Local\Temp\cczKzGBE.o
 .debug_macro   0x00001506       0x43 C:\Users\lukem\AppData\Local\Temp\cczKzGBE.o
 .debug_macro   0x00001549       0x34 C:\Users\lukem\AppData\Local\Temp\cczKzGBE.o
 .debug_macro   0x0000157d       0x10 C:\Users\lukem\AppData\Local\Temp\cczKzGBE.o
 .debug_macro   0x0000158d       0x58 C:\Users\lukem\AppData\Local\Temp\cczKzGBE.o
 .debug_macro   0x000015e5       0x8e C:\Users\lukem\AppData\Local\Temp\cczKzGBE.o
 .debug_macro   0x00001673       0x1c C:\Users\lukem\AppData\Local\Temp\cczKzGBE.o
 .debug_macro   0x0000168f      0x177 C:\Users\lukem\AppData\Local\Temp\cczKzGBE.o
 .debug_macro   0x00001806       0x16 C:\Users\lukem\AppData\Local\Temp\cczKzGBE.o
 .debug_macro   0x0000181c       0x16 C:\Users\lukem\AppData\Local\Temp\cczKzGBE.o
 .debug_macro   0x00001832      0x146 C:\Users\lukem\AppData\Local\Temp\cczKzGBE.o
 .debug_macro   0x00001978      0x130 C:\Users\lukem\AppData\Local\Temp\cczKzGBE.o
 .debug_macro   0x00001aa8      0x103 C:\Users\lukem\AppData\Local\Temp\cczKzGBE.o
 .debug_macro   0x00001bab       0x6a C:\Users\lukem\AppData\Local\Temp\cczKzGBE.o
 .debug_macro   0x00001c15      0x1df C:\Users\lukem\AppData\Local\Temp\cczKzGBE.o
 .debug_macro   0x00001df4       0x35 C:\Users\lukem\AppData\Local\Temp\cczKzGBE.o
 .debug_macro   0x00001e29      0x460 C:\Users\lukem\AppData\Local\Temp\cczKzGBE.o
 .debug_macro   0x00002289       0x22 C:\Users\lukem\AppData\Local\Temp\cczKzGBE.o
 .debug_macro   0x000022ab       0x16 C:\Users\lukem\AppData\Local\Temp\cczKzGBE.o
 .debug_macro   0x000022c1       0x16 C:\Users\lukem\AppData\Local\Temp\cczKzGBE.o
 .debug_macro   0x000022d7       0x29 C:\Users\lukem\AppData\Local\Temp\cczKzGBE.o
 .debug_macro   0x00002300       0x16 C:\Users\lukem\AppData\Local\Temp\cczKzGBE.o
 .debug_macro   0x00002316       0x10 C:\Users\lukem\AppData\Local\Temp\cczKzGBE.o
 .debug_macro   0x00002326       0x10 C:\Users\lukem\AppData\Local\Temp\cczKzGBE.o
 .debug_macro   0x00002336       0x10 C:\Users\lukem\AppData\Local\Temp\cczKzGBE.o
 .debug_macro   0x00002346       0x1c C:\Users\lukem\AppData\Local\Temp\cczKzGBE.o
 .debug_macro   0x00002362       0x52 C:\Users\lukem\AppData\Local\Temp\cczKzGBE.o
 .debug_macro   0x000023b4       0x22 C:\Users\lukem\AppData\Local\Temp\cczKzGBE.o
 .debug_macro   0x000023d6       0x10 C:\Users\lukem\AppData\Local\Temp\cczKzGBE.o
 .debug_macro   0x000023e6       0x52 C:\Users\lukem\AppData\Local\Temp\cczKzGBE.o
 .debug_macro   0x00002438       0xc1 C:\Users\lukem\AppData\Local\Temp\cczKzGBE.o
 .debug_macro   0x000024f9       0x1c C:\Users\lukem\AppData\Local\Temp\cczKzGBE.o
 .debug_macro   0x00002515       0x3d C:\Users\lukem\AppData\Local\Temp\cczKzGBE.o
 .debug_macro   0x00002552       0x35 C:\Users\lukem\AppData\Local\Temp\cczKzGBE.o
 .debug_macro   0x00002587      0x12c C:\Users\lukem\AppData\Local\Temp\cczKzGBE.o
 .debug_macro   0x000026b3       0x28 C:\Users\lukem\AppData\Local\Temp\cczKzGBE.o
 .debug_macro   0x000026db       0x1c C:\Users\lukem\AppData\Local\Temp\cczKzGBE.o
 .debug_macro   0x000026f7       0x22 C:\Users\lukem\AppData\Local\Temp\cczKzGBE.o
 .debug_macro   0x00002719       0xd9 C:\Users\lukem\AppData\Local\Temp\cczKzGBE.o
 .debug_macro   0x000027f2     0x102d C:\Users\lukem\AppData\Local\Temp\cczKzGBE.o
 .debug_macro   0x0000381f      0x11f C:\Users\lukem\AppData\Local\Temp\cczKzGBE.o
 .debug_macro   0x0000393e    0x1cb71 C:\Users\lukem\AppData\Local\Temp\cczKzGBE.o
 .debug_macro   0x000204af       0x4a C:\Users\lukem\AppData\Local\Temp\cczKzGBE.o
 .debug_macro   0x000204f9       0x10 C:\Users\lukem\AppData\Local\Temp\cczKzGBE.o
 .debug_macro   0x00020509       0x88 C:\Users\lukem\AppData\Local\Temp\cczKzGBE.o
 .debug_macro   0x00020591       0xd0 C:\Users\lukem\AppData\Local\Temp\cczKzGBE.o
 .debug_macro   0x00020661      0x190 C:\Users\lukem\AppData\Local\Temp\cczKzGBE.o
 .debug_macro   0x000207f1       0x7c C:\Users\lukem\AppData\Local\Temp\cczKzGBE.o
 .debug_macro   0x0002086d      0x190 C:\Users\lukem\AppData\Local\Temp\cczKzGBE.o
 .debug_macro   0x000209fd       0x11 C:\Users\lukem\AppData\Local\Temp\ccY5OBPp.o
 .debug_macro   0x00020a0e      0x2c1 C:\Users\lukem\AppData\Local\Temp\ccczFqIz.o
 .debug_macro   0x00020ccf       0x3a C:\Users\lukem\AppData\Local\Temp\ccczFqIz.o
 .debug_macro   0x00020d09       0x89 C:\Users\lukem\AppData\Local\Temp\ccczFqIz.o
 .debug_macro   0x00020d92       0x1c C:\Users\lukem\AppData\Local\Temp\ccczFqIz.o
 .debug_macro   0x00020dae       0x94 C:\Users\lukem\AppData\Local\Temp\ccczFqIz.o
 .debug_macro   0x00020e42      0x13c C:\Users\lukem\AppData\Local\Temp\ccczFqIz.o
 .debug_macro   0x00020f7e      0x2ca C:\Users\lukem\AppData\Local\Temp\ccEzD04z.o
 .debug_macro   0x00021248      0x2d0 C:\Users\lukem\AppData\Local\Temp\ccMilbU3.o
 .debug_macro   0x00021518      0x18a C:\Users\lukem\AppData\Local\Temp\ccMilbU3.o
 .debug_macro   0x000216a2      0x2e9 C:\Users\lukem\AppData\Local\Temp\ccP5RkQ5.o

.debug_line     0x00000000     0x3e7a
 .debug_line    0x00000000     0x16f9 C:\Users\lukem\AppData\Local\Temp\cczKzGBE.o
 .debug_line    0x000016f9       0x67 C:\Users\lukem\AppData\Local\Temp\ccY5OBPp.o
 .debug_line    0x00001760      0x6ef C:\Users\lukem\AppData\Local\Temp\ccczFqIz.o
 .debug_line    0x00001e4f      0xac9 C:\Users\lukem\AppData\Local\Temp\ccEzD04z.o
 .debug_line    0x00002918      0xc65 C:\Users\lukem\AppData\Local\Temp\ccMilbU3.o
 .debug_line    0x0000357d      0x8fd C:\Users\lukem\AppData\Local\Temp\ccP5RkQ5.o

.debug_str      0x00000000    0xb4fc8
 .debug_str     0x00000000    0xb4773 C:\Users\lukem\AppData\Local\Temp\cczKzGBE.o
                              0xb4a2f (size before relaxing)
 .debug_str     0x000b4773       0x3b C:\Users\lukem\AppData\Local\Temp\ccY5OBPp.o
                               0x2e44 (size before relaxing)
 .debug_str     0x000b47ae      0x17f C:\Users\lukem\AppData\Local\Temp\ccczFqIz.o
                              0xb2b5a (size before relaxing)
 .debug_str     0x000b492d      0x194 C:\Users\lukem\AppData\Local\Temp\ccEzD04z.o
                              0xb2de6 (size before relaxing)
 .debug_str     0x000b4ac1      0x2da C:\Users\lukem\AppData\Local\Temp\ccMilbU3.o
                              0xb349f (size before relaxing)
 .debug_str     0x000b4d9b      0x22d C:\Users\lukem\AppData\Local\Temp\ccP5RkQ5.o
                              0xb432c (size before relaxing)

.comment        0x00000000       0x45
 .comment       0x00000000       0x45 C:\Users\lukem\AppData\Local\Temp\cczKzGBE.o
                                 0x46 (size before relaxing)
 .comment       0x00000045       0x46 C:\Users\lukem\AppData\Local\Temp\ccY5OBPp.o
 .comment       0x00000045       0x46 C:\Users\lukem\AppData\Local\Temp\ccczFqIz.o
 .comment       0x00000045       0x46 C:\Users\lukem\AppData\Local\Temp\ccEzD04z.o
 .comment       0x00000045       0x46 C:\Users\lukem\AppData\Local\Temp\ccMilbU3.o
 .comment       0x00000045       0x46 C:\Users\lukem\AppData\Local\Temp\ccP5RkQ5.o

.ARM.attributes
                0x00000000       0x32
 .ARM.attributes
                0x00000000       0x34 C:\Users\lukem\AppData\Local\Temp\cczKzGBE.o
 .ARM.attributes
                0x00000034       0x34 C:\Users\lukem\AppData\Local\Temp\ccY5OBPp.o
 .ARM.attributes
                0x00000068       0x34 C:\Users\lukem\AppData\Local\Temp\ccczFqIz.o
 .ARM.attributes
                0x0000009c       0x34 C:\Users\lukem\AppData\Local\Temp\ccEzD04z.o
 .ARM.attributes
                0x000000d0       0x34 C:\Users\lukem\AppData\Local\Temp\ccMilbU3.o
 .ARM.attributes
                0x00000104       0x34 C:\Users\lukem\AppData\Local\Temp\ccP5RkQ5.o
 .ARM.attributes
                0x00000138       0x34 c:/program files (x86)/arm gnu toolchain arm-none-eabi/12.3 rel1/bin/../lib/gcc/arm-none-eabi/12.3.1/thumb/v7e-m+fp/hard\libc_nano.a(libc_a-printf.o)
 .ARM.attributes
                0x0000016c       0x34 c:/program files (x86)/arm gnu toolchain arm-none-eabi/12.3 rel1/bin/../lib/gcc/arm-none-eabi/12.3.1/thumb/v7e-m+fp/hard\libc_nano.a(libc_a-puts.o)
 .ARM.attributes
                0x000001a0       0x34 c:/program files (x86)/arm gnu toolchain arm-none-eabi/12.3 rel1/bin/../lib/gcc/arm-none-eabi/12.3.1/thumb/v7e-m+fp/hard\libc_nano.a(libc_a-wbuf.o)
 .ARM.attributes
                0x000001d4       0x34 c:/program files (x86)/arm gnu toolchain arm-none-eabi/12.3 rel1/bin/../lib/gcc/arm-none-eabi/12.3.1/thumb/v7e-m+fp/hard\libc_nano.a(libc_a-wsetup.o)
 .ARM.attributes
                0x00000208       0x34 c:/program files (x86)/arm gnu toolchain arm-none-eabi/12.3 rel1/bin/../lib/gcc/arm-none-eabi/12.3.1/thumb/v7e-m+fp/hard\libc_nano.a(libc_a-memset.o)
 .ARM.attributes
                0x0000023c       0x34 c:/program files (x86)/arm gnu toolchain arm-none-eabi/12.3 rel1/bin/../lib/gcc/arm-none-eabi/12.3.1/thumb/v7e-m+fp/hard\libc_nano.a(libc_a-impure.o)
 .ARM.attributes
                0x00000270       0x34 c:/program files (x86)/arm gnu toolchain arm-none-eabi/12.3 rel1/bin/../lib/gcc/arm-none-eabi/12.3.1/thumb/v7e-m+fp/hard\libc_nano.a(libc_a-lock.o)
 .ARM.attributes
                0x000002a4       0x34 c:/program files (x86)/arm gnu toolchain arm-none-eabi/12.3 rel1/bin/../lib/gcc/arm-none-eabi/12.3.1/thumb/v7e-m+fp/hard\libc_nano.a(libc_a-memcpy-stub.o)
 .ARM.attributes
                0x000002d8       0x34 c:/program files (x86)/arm gnu toolchain arm-none-eabi/12.3 rel1/bin/../lib/gcc/arm-none-eabi/12.3.1/thumb/v7e-m+fp/hard\libc_nano.a(libc_a-freer.o)
 .ARM.attributes
                0x0000030c       0x34 c:/program files (x86)/arm gnu toolchain arm-none-eabi/12.3 rel1/bin/../lib/gcc/arm-none-eabi/12.3.1/thumb/v7e-m+fp/hard\libc_nano.a(libc_a-mallocr.o)
 .ARM.attributes
                0x00000340       0x34 c:/program files (x86)/arm gnu toolchain arm-none-eabi/12.3 rel1/bin/../lib/gcc/arm-none-eabi/12.3.1/thumb/v7e-m+fp/hard\libc_nano.a(libc_a-mlock.o)
 .ARM.attributes
                0x00000374       0x34 c:/program files (x86)/arm gnu toolchain arm-none-eabi/12.3 rel1/bin/../lib/gcc/arm-none-eabi/12.3.1/thumb/v7e-m+fp/hard\libc_nano.a(libc_a-nano-vfprintf.o)
 .ARM.attributes
                0x000003a8       0x34 c:/program files (x86)/arm gnu toolchain arm-none-eabi/12.3 rel1/bin/../lib/gcc/arm-none-eabi/12.3.1/thumb/v7e-m+fp/hard\libc_nano.a(libc_a-nano-vfprintf_i.o)
 .ARM.attributes
                0x000003dc       0x34 c:/program files (x86)/arm gnu toolchain arm-none-eabi/12.3 rel1/bin/../lib/gcc/arm-none-eabi/12.3.1/thumb/v7e-m+fp/hard\libc_nano.a(libc_a-fflush.o)
 .ARM.attributes
                0x00000410       0x34 c:/program files (x86)/arm gnu toolchain arm-none-eabi/12.3 rel1/bin/../lib/gcc/arm-none-eabi/12.3.1/thumb/v7e-m+fp/hard\libc_nano.a(libc_a-findfp.o)
 .ARM.attributes
                0x00000444       0x34 c:/program files (x86)/arm gnu toolchain arm-none-eabi/12.3 rel1/bin/../lib/gcc/arm-none-eabi/12.3.1/thumb/v7e-m+fp/hard\libc_nano.a(libc_a-fwalk.o)
 .ARM.attributes
                0x00000478       0x34 c:/program files (x86)/arm gnu toolchain arm-none-eabi/12.3 rel1/bin/../lib/gcc/arm-none-eabi/12.3.1/thumb/v7e-m+fp/hard\libc_nano.a(libc_a-makebuf.o)
 .ARM.attributes
                0x000004ac       0x34 c:/program files (x86)/arm gnu toolchain arm-none-eabi/12.3 rel1/bin/../lib/gcc/arm-none-eabi/12.3.1/thumb/v7e-m+fp/hard\libc_nano.a(libc_a-stdio.o)
 .ARM.attributes
                0x000004e0       0x34 c:/program files (x86)/arm gnu toolchain arm-none-eabi/12.3 rel1/bin/../lib/gcc/arm-none-eabi/12.3.1/thumb/v7e-m+fp/hard\libc_nano.a(libc_a-closer.o)
 .ARM.attributes
                0x00000514       0x34 c:/program files (x86)/arm gnu toolchain arm-none-eabi/12.3 rel1/bin/../lib/gcc/arm-none-eabi/12.3.1/thumb/v7e-m+fp/hard\libc_nano.a(libc_a-reent.o)
 .ARM.attributes
                0x00000548       0x34 c:/program files (x86)/arm gnu toolchain arm-none-eabi/12.3 rel1/bin/../lib/gcc/arm-none-eabi/12.3.1/thumb/v7e-m+fp/hard\libc_nano.a(libc_a-fstatr.o)
 .ARM.attributes
                0x0000057c       0x34 c:/program files (x86)/arm gnu toolchain arm-none-eabi/12.3 rel1/bin/../lib/gcc/arm-none-eabi/12.3.1/thumb/v7e-m+fp/hard\libc_nano.a(libc_a-isattyr.o)
 .ARM.attributes
                0x000005b0       0x34 c:/program files (x86)/arm gnu toolchain arm-none-eabi/12.3 rel1/bin/../lib/gcc/arm-none-eabi/12.3.1/thumb/v7e-m+fp/hard\libc_nano.a(libc_a-lseekr.o)
 .ARM.attributes
                0x000005e4       0x34 c:/program files (x86)/arm gnu toolchain arm-none-eabi/12.3 rel1/bin/../lib/gcc/arm-none-eabi/12.3.1/thumb/v7e-m+fp/hard\libc_nano.a(libc_a-readr.o)
 .ARM.attributes
                0x00000618       0x34 c:/program files (x86)/arm gnu toolchain arm-none-eabi/12.3 rel1/bin/../lib/gcc/arm-none-eabi/12.3.1/thumb/v7e-m+fp/hard\libc_nano.a(libc_a-sbrkr.o)
 .ARM.attributes
                0x0000064c       0x34 c:/program files (x86)/arm gnu toolchain arm-none-eabi/12.3 rel1/bin/../lib/gcc/arm-none-eabi/12.3.1/thumb/v7e-m+fp/hard\libc_nano.a(libc_a-writer.o)
 .ARM.attributes
                0x00000680       0x1c c:/program files (x86)/arm gnu toolchain arm-none-eabi/12.3 rel1/bin/../lib/gcc/arm-none-eabi/12.3.1/thumb/v7e-m+fp/hard\libc_nano.a(libc_a-memchr.o)

.debug_frame    0x00000000      0xfc0
 .debug_frame   0x00000000      0x2dc C:\Users\lukem\AppData\Local\Temp\cczKzGBE.o
 .debug_frame   0x000002dc       0x20 C:\Users\lukem\AppData\Local\Temp\ccY5OBPp.o
 .debug_frame   0x000002fc      0x108 C:\Users\lukem\AppData\Local\Temp\ccczFqIz.o
 .debug_frame   0x00000404      0x14c C:\Users\lukem\AppData\Local\Temp\ccEzD04z.o
 .debug_frame   0x00000550      0x1a0 C:\Users\lukem\AppData\Local\Temp\ccMilbU3.o
 .debug_frame   0x000006f0       0xe4 C:\Users\lukem\AppData\Local\Temp\ccP5RkQ5.o
 .debug_frame   0x000007d4       0x6c c:/program files (x86)/arm gnu toolchain arm-none-eabi/12.3 rel1/bin/../lib/gcc/arm-none-eabi/12.3.1/thumb/v7e-m+fp/hard\libc_nano.a(libc_a-printf.o)
 .debug_frame   0x00000840       0x3c c:/program files (x86)/arm gnu toolchain arm-none-eabi/12.3 rel1/bin/../lib/gcc/arm-none-eabi/12.3.1/thumb/v7e-m+fp/hard\libc_nano.a(libc_a-puts.o)
 .debug_frame   0x0000087c       0x40 c:/program files (x86)/arm gnu toolchain arm-none-eabi/12.3 rel1/bin/../lib/gcc/arm-none-eabi/12.3.1/thumb/v7e-m+fp/hard\libc_nano.a(libc_a-wbuf.o)
 .debug_frame   0x000008bc       0x2c c:/program files (x86)/arm gnu toolchain arm-none-eabi/12.3 rel1/bin/../lib/gcc/arm-none-eabi/12.3.1/thumb/v7e-m+fp/hard\libc_nano.a(libc_a-wsetup.o)
 .debug_frame   0x000008e8       0x20 c:/program files (x86)/arm gnu toolchain arm-none-eabi/12.3 rel1/bin/../lib/gcc/arm-none-eabi/12.3.1/thumb/v7e-m+fp/hard\libc_nano.a(libc_a-memset.o)
 .debug_frame   0x00000908       0xb0 c:/program files (x86)/arm gnu toolchain arm-none-eabi/12.3 rel1/bin/../lib/gcc/arm-none-eabi/12.3.1/thumb/v7e-m+fp/hard\libc_nano.a(libc_a-lock.o)
 .debug_frame   0x000009b8       0x28 c:/program files (x86)/arm gnu toolchain arm-none-eabi/12.3 rel1/bin/../lib/gcc/arm-none-eabi/12.3.1/thumb/v7e-m+fp/hard\libc_nano.a(libc_a-memcpy-stub.o)
 .debug_frame   0x000009e0       0x38 c:/program files (x86)/arm gnu toolchain arm-none-eabi/12.3 rel1/bin/../lib/gcc/arm-none-eabi/12.3.1/thumb/v7e-m+fp/hard\libc_nano.a(libc_a-freer.o)
 .debug_frame   0x00000a18       0x50 c:/program files (x86)/arm gnu toolchain arm-none-eabi/12.3 rel1/bin/../lib/gcc/arm-none-eabi/12.3.1/thumb/v7e-m+fp/hard\libc_nano.a(libc_a-mallocr.o)
 .debug_frame   0x00000a68       0x30 c:/program files (x86)/arm gnu toolchain arm-none-eabi/12.3 rel1/bin/../lib/gcc/arm-none-eabi/12.3.1/thumb/v7e-m+fp/hard\libc_nano.a(libc_a-mlock.o)
 .debug_frame   0x00000a98       0xa8 c:/program files (x86)/arm gnu toolchain arm-none-eabi/12.3 rel1/bin/../lib/gcc/arm-none-eabi/12.3.1/thumb/v7e-m+fp/hard\libc_nano.a(libc_a-nano-vfprintf.o)
 .debug_frame   0x00000b40       0x60 c:/program files (x86)/arm gnu toolchain arm-none-eabi/12.3 rel1/bin/../lib/gcc/arm-none-eabi/12.3.1/thumb/v7e-m+fp/hard\libc_nano.a(libc_a-nano-vfprintf_i.o)
 .debug_frame   0x00000ba0       0x5c c:/program files (x86)/arm gnu toolchain arm-none-eabi/12.3 rel1/bin/../lib/gcc/arm-none-eabi/12.3.1/thumb/v7e-m+fp/hard\libc_nano.a(libc_a-fflush.o)
 .debug_frame   0x00000bfc      0x144 c:/program files (x86)/arm gnu toolchain arm-none-eabi/12.3 rel1/bin/../lib/gcc/arm-none-eabi/12.3.1/thumb/v7e-m+fp/hard\libc_nano.a(libc_a-findfp.o)
 .debug_frame   0x00000d40       0x34 c:/program files (x86)/arm gnu toolchain arm-none-eabi/12.3 rel1/bin/../lib/gcc/arm-none-eabi/12.3.1/thumb/v7e-m+fp/hard\libc_nano.a(libc_a-fwalk.o)
 .debug_frame   0x00000d74       0x58 c:/program files (x86)/arm gnu toolchain arm-none-eabi/12.3 rel1/bin/../lib/gcc/arm-none-eabi/12.3.1/thumb/v7e-m+fp/hard\libc_nano.a(libc_a-makebuf.o)
 .debug_frame   0x00000dcc       0x88 c:/program files (x86)/arm gnu toolchain arm-none-eabi/12.3 rel1/bin/../lib/gcc/arm-none-eabi/12.3.1/thumb/v7e-m+fp/hard\libc_nano.a(libc_a-stdio.o)
 .debug_frame   0x00000e54       0x2c c:/program files (x86)/arm gnu toolchain arm-none-eabi/12.3 rel1/bin/../lib/gcc/arm-none-eabi/12.3.1/thumb/v7e-m+fp/hard\libc_nano.a(libc_a-closer.o)
 .debug_frame   0x00000e80       0x38 c:/program files (x86)/arm gnu toolchain arm-none-eabi/12.3 rel1/bin/../lib/gcc/arm-none-eabi/12.3.1/thumb/v7e-m+fp/hard\libc_nano.a(libc_a-reent.o)
 .debug_frame   0x00000eb8       0x2c c:/program files (x86)/arm gnu toolchain arm-none-eabi/12.3 rel1/bin/../lib/gcc/arm-none-eabi/12.3.1/thumb/v7e-m+fp/hard\libc_nano.a(libc_a-fstatr.o)
 .debug_frame   0x00000ee4       0x2c c:/program files (x86)/arm gnu toolchain arm-none-eabi/12.3 rel1/bin/../lib/gcc/arm-none-eabi/12.3.1/thumb/v7e-m+fp/hard\libc_nano.a(libc_a-isattyr.o)
 .debug_frame   0x00000f10       0x2c c:/program files (x86)/arm gnu toolchain arm-none-eabi/12.3 rel1/bin/../lib/gcc/arm-none-eabi/12.3.1/thumb/v7e-m+fp/hard\libc_nano.a(libc_a-lseekr.o)
 .debug_frame   0x00000f3c       0x2c c:/program files (x86)/arm gnu toolchain arm-none-eabi/12.3 rel1/bin/../lib/gcc/arm-none-eabi/12.3.1/thumb/v7e-m+fp/hard\libc_nano.a(libc_a-readr.o)
 .debug_frame   0x00000f68       0x2c c:/program files (x86)/arm gnu toolchain arm-none-eabi/12.3 rel1/bin/../lib/gcc/arm-none-eabi/12.3.1/thumb/v7e-m+fp/hard\libc_nano.a(libc_a-sbrkr.o)
 .debug_frame   0x00000f94       0x2c c:/program files (x86)/arm gnu toolchain arm-none-eabi/12.3 rel1/bin/../lib/gcc/arm-none-eabi/12.3.1/thumb/v7e-m+fp/hard\libc_nano.a(libc_a-writer.o)

.debug_line_str
                0x00000000       0xe1
 .debug_line_str
                0x00000000       0xe1 c:/program files (x86)/arm gnu toolchain arm-none-eabi/12.3 rel1/bin/../lib/gcc/arm-none-eabi/12.3.1/thumb/v7e-m+fp/hard\libc_nano.a(libc_a-memchr.o)
